Archive member included to satisfy reference by file (symbol)

C:/ST/STM32CubeIDE_1.10.1/STM32CubeIDE/plugins/com.st.stm32cube.ide.mcu.externaltools.gnu-tools-for-stm32.12.3.rel1.win32_1.0.200.202406191623/tools/bin/../lib/gcc/arm-none-eabi/12.3.1/../../../../arm-none-eabi/lib/thumb/v7-m/nofp\libc_nano.a(libc_a-exit.o)
                              C:/ST/STM32CubeIDE_1.10.1/STM32CubeIDE/plugins/com.st.stm32cube.ide.mcu.externaltools.gnu-tools-for-stm32.12.3.rel1.win32_1.0.200.202406191623/tools/bin/../lib/gcc/arm-none-eabi/12.3.1/../../../../arm-none-eabi/lib/thumb/v7-m/nofp/crt0.o (exit)
C:/ST/STM32CubeIDE_1.10.1/STM32CubeIDE/plugins/com.st.stm32cube.ide.mcu.externaltools.gnu-tools-for-stm32.12.3.rel1.win32_1.0.200.202406191623/tools/bin/../lib/gcc/arm-none-eabi/12.3.1/../../../../arm-none-eabi/lib/thumb/v7-m/nofp\libc_nano.a(libc_a-malloc.o)
                              ./Nextion_STM32_Library/Nextion.o (malloc)
C:/ST/STM32CubeIDE_1.10.1/STM32CubeIDE/plugins/com.st.stm32cube.ide.mcu.externaltools.gnu-tools-for-stm32.12.3.rel1.win32_1.0.200.202406191623/tools/bin/../lib/gcc/arm-none-eabi/12.3.1/../../../../arm-none-eabi/lib/thumb/v7-m/nofp\libc_nano.a(libc_a-mallocr.o)
                              C:/ST/STM32CubeIDE_1.10.1/STM32CubeIDE/plugins/com.st.stm32cube.ide.mcu.externaltools.gnu-tools-for-stm32.12.3.rel1.win32_1.0.200.202406191623/tools/bin/../lib/gcc/arm-none-eabi/12.3.1/../../../../arm-none-eabi/lib/thumb/v7-m/nofp\libc_nano.a(libc_a-malloc.o) (_malloc_r)
C:/ST/STM32CubeIDE_1.10.1/STM32CubeIDE/plugins/com.st.stm32cube.ide.mcu.externaltools.gnu-tools-for-stm32.12.3.rel1.win32_1.0.200.202406191623/tools/bin/../lib/gcc/arm-none-eabi/12.3.1/../../../../arm-none-eabi/lib/thumb/v7-m/nofp\libc_nano.a(libc_a-mlock.o)
                              C:/ST/STM32CubeIDE_1.10.1/STM32CubeIDE/plugins/com.st.stm32cube.ide.mcu.externaltools.gnu-tools-for-stm32.12.3.rel1.win32_1.0.200.202406191623/tools/bin/../lib/gcc/arm-none-eabi/12.3.1/../../../../arm-none-eabi/lib/thumb/v7-m/nofp\libc_nano.a(libc_a-mallocr.o) (__malloc_lock)
C:/ST/STM32CubeIDE_1.10.1/STM32CubeIDE/plugins/com.st.stm32cube.ide.mcu.externaltools.gnu-tools-for-stm32.12.3.rel1.win32_1.0.200.202406191623/tools/bin/../lib/gcc/arm-none-eabi/12.3.1/../../../../arm-none-eabi/lib/thumb/v7-m/nofp\libc_nano.a(libc_a-findfp.o)
                              C:/ST/STM32CubeIDE_1.10.1/STM32CubeIDE/plugins/com.st.stm32cube.ide.mcu.externaltools.gnu-tools-for-stm32.12.3.rel1.win32_1.0.200.202406191623/tools/bin/../lib/gcc/arm-none-eabi/12.3.1/../../../../arm-none-eabi/lib/thumb/v7-m/nofp\libc_nano.a(libc_a-exit.o) (__stdio_exit_handler)
C:/ST/STM32CubeIDE_1.10.1/STM32CubeIDE/plugins/com.st.stm32cube.ide.mcu.externaltools.gnu-tools-for-stm32.12.3.rel1.win32_1.0.200.202406191623/tools/bin/../lib/gcc/arm-none-eabi/12.3.1/../../../../arm-none-eabi/lib/thumb/v7-m/nofp\libc_nano.a(libc_a-fwalk.o)
                              C:/ST/STM32CubeIDE_1.10.1/STM32CubeIDE/plugins/com.st.stm32cube.ide.mcu.externaltools.gnu-tools-for-stm32.12.3.rel1.win32_1.0.200.202406191623/tools/bin/../lib/gcc/arm-none-eabi/12.3.1/../../../../arm-none-eabi/lib/thumb/v7-m/nofp\libc_nano.a(libc_a-findfp.o) (_fwalk_sglue)
C:/ST/STM32CubeIDE_1.10.1/STM32CubeIDE/plugins/com.st.stm32cube.ide.mcu.externaltools.gnu-tools-for-stm32.12.3.rel1.win32_1.0.200.202406191623/tools/bin/../lib/gcc/arm-none-eabi/12.3.1/../../../../arm-none-eabi/lib/thumb/v7-m/nofp\libc_nano.a(libc_a-sprintf.o)
                              ./Nextion_STM32_Library/Nextion.o (sprintf)
C:/ST/STM32CubeIDE_1.10.1/STM32CubeIDE/plugins/com.st.stm32cube.ide.mcu.externaltools.gnu-tools-for-stm32.12.3.rel1.win32_1.0.200.202406191623/tools/bin/../lib/gcc/arm-none-eabi/12.3.1/../../../../arm-none-eabi/lib/thumb/v7-m/nofp\libc_nano.a(libc_a-stdio.o)
                              C:/ST/STM32CubeIDE_1.10.1/STM32CubeIDE/plugins/com.st.stm32cube.ide.mcu.externaltools.gnu-tools-for-stm32.12.3.rel1.win32_1.0.200.202406191623/tools/bin/../lib/gcc/arm-none-eabi/12.3.1/../../../../arm-none-eabi/lib/thumb/v7-m/nofp\libc_nano.a(libc_a-findfp.o) (__sread)
C:/ST/STM32CubeIDE_1.10.1/STM32CubeIDE/plugins/com.st.stm32cube.ide.mcu.externaltools.gnu-tools-for-stm32.12.3.rel1.win32_1.0.200.202406191623/tools/bin/../lib/gcc/arm-none-eabi/12.3.1/../../../../arm-none-eabi/lib/thumb/v7-m/nofp\libc_nano.a(libc_a-memset.o)
                              C:/ST/STM32CubeIDE_1.10.1/STM32CubeIDE/plugins/com.st.stm32cube.ide.mcu.externaltools.gnu-tools-for-stm32.12.3.rel1.win32_1.0.200.202406191623/tools/bin/../lib/gcc/arm-none-eabi/12.3.1/../../../../arm-none-eabi/lib/thumb/v7-m/nofp/crt0.o (memset)
C:/ST/STM32CubeIDE_1.10.1/STM32CubeIDE/plugins/com.st.stm32cube.ide.mcu.externaltools.gnu-tools-for-stm32.12.3.rel1.win32_1.0.200.202406191623/tools/bin/../lib/gcc/arm-none-eabi/12.3.1/../../../../arm-none-eabi/lib/thumb/v7-m/nofp\libc_nano.a(libc_a-closer.o)
[...]
Memory Configuration

Name             Origin             Length             Attributes
RAM              0x20000000         0x00005000         xrw
FLASH            0x08000000         0x00010000         xr
*default*        0x00000000         0xffffffff

Linker script and memory map

LOAD C:/ST/STM32CubeIDE_1.10.1/STM32CubeIDE/plugins/com.st.stm32cube.ide.mcu.externaltools.gnu-tools-for-stm32.12.3.rel1.win32_1.0.200.202406191623/tools/bin/../lib/gcc/arm-none-eabi/12.3.1/thumb/v7-m/nofp/crti.o
LOAD C:/ST/STM32CubeIDE_1.10.1/STM32CubeIDE/plugins/com.st.stm32cube.ide.mcu.externaltools.gnu-tools-for-stm32.12.3.rel1.win32_1.0.200.202406191623/tools/bin/../lib/gcc/arm-none-eabi/12.3.1/thumb/v7-m/nofp/crtbegin.o
LOAD C:/ST/STM32CubeIDE_1.10.1/STM32CubeIDE/plugins/com.st.stm32cube.ide.mcu.externaltools.gnu-tools-for-stm32.12.3.rel1.win32_1.0.200.202406191623/tools/bin/../lib/gcc/arm-none-eabi/12.3.1/../../../../arm-none-eabi/lib/thumb/v7-m/nofp/crt0.o
LOAD ./Application/app.o
LOAD ./Core/Src/can.o
LOAD ./Core/Src/gpio.o
LOAD ./Core/Src/iwdg.o
LOAD ./Core/Src/main.o
LOAD ./Core/Src/stm32f1xx_hal_msp.o
LOAD ./Core/Src/stm32f1xx_it.o
LOAD ./Core/Src/syscalls.o
LOAD ./Core/Src/sysmem.o
LOAD ./Core/Src/system_stm32f1xx.o
LOAD ./Core/Src/tim.o
LOAD ./Core/Src/usart.o
LOAD ./Core/Startup/startup_stm32f103c8tx.o
LOAD ./Drivers/STM32F1xx_HAL_Driver/Src/stm32f1xx_hal.o
LOAD ./Drivers/STM32F1xx_HAL_Driver/Src/stm32f1xx_hal_can.o
LOAD ./Drivers/STM32F1xx_HAL_Driver/Src/stm32f1xx_hal_cortex.o
LOAD ./Drivers/STM32F1xx_HAL_Driver/Src/stm32f1xx_hal_dma.o
LOAD ./Drivers/STM32F1xx_HAL_Driver/Src/stm32f1xx_hal_exti.o
LOAD ./Drivers/STM32F1xx_HAL_Driver/Src/stm32f1xx_hal_flash.o
LOAD ./Drivers/STM32F1xx_HAL_Driver/Src/stm32f1xx_hal_flash_ex.o
LOAD ./Drivers/STM32F1xx_HAL_Driver/Src/stm32f1xx_hal_gpio.o
LOAD ./Drivers/STM32F1xx_HAL_Driver/Src/stm32f1xx_hal_gpio_ex.o
LOAD ./Drivers/STM32F1xx_HAL_Driver/Src/stm32f1xx_hal_iwdg.o
LOAD ./Drivers/STM32F1xx_HAL_Driver/Src/stm32f1xx_hal_pwr.o
LOAD ./Drivers/STM32F1xx_HAL_Driver/Src/stm32f1xx_hal_rcc.o
LOAD ./Drivers/STM32F1xx_HAL_Driver/Src/stm32f1xx_hal_rcc_ex.o
LOAD ./Drivers/STM32F1xx_HAL_Driver/Src/stm32f1xx_hal_tim.o
LOAD ./Drivers/STM32F1xx_HAL_Driver/Src/stm32f1xx_hal_tim_ex.o
LOAD ./Drivers/STM32F1xx_HAL_Driver/Src/stm32f1xx_hal_uart.o
LOAD ./Nextion_STM32_Library/Nextion.o
LOAD ./Nextion_Wrapper/nextion_wrapper.o
LOAD ./Queue/queue.o
START GROUP
LOAD C:/ST/STM32CubeIDE_1.10.1/STM32CubeIDE/plugins/com.st.stm32cube.ide.mcu.externaltools.gnu-tools-for-stm32.12.3.rel1.win32_1.0.200.202406191623/tools/bin/../lib/gcc/arm-none-eabi/12.3.1/../../../../arm-none-eabi/lib/thumb/v7-m/nofp\libc_nano.a
LOAD C:/ST/STM32CubeIDE_1.10.1/STM32CubeIDE/plugins/com.st.stm32cube.ide.mcu.externaltools.gnu-tools-for-stm32.12.3.rel1.win32_1.0.200.202406191623/tools/bin/../lib/gcc/arm-none-eabi/12.3.1/../../../../arm-none-eabi/lib/thumb/v7-m/nofp\libm.a
END GROUP
START GROUP
LOAD C:/ST/STM32CubeIDE_1.10.1/STM32CubeIDE/plugins/com.st.stm32cube.ide.mcu.externaltools.gnu-tools-for-stm32.12.3.rel1.win32_1.0.200.202406191623/tools/bin/../lib/gcc/arm-none-eabi/12.3.1/thumb/v7-m/nofp\libgcc.a
LOAD C:/ST/STM32CubeIDE_1.10.1/STM32CubeIDE/plugins/com.st.stm32cube.ide.mcu.externaltools.gnu-tools-for-stm32.12.3.rel1.win32_1.0.200.202406191623/tools/bin/../lib/gcc/arm-none-eabi/12.3.1/../../../../arm-none-eabi/lib/thumb/v7-m/nofp\libc_nano.a
END GROUP
START GROUP
LOAD C:/ST/STM32CubeIDE_1.10.1/STM32CubeIDE/plugins/com.st.stm32cube.ide.mcu.externaltools.gnu-tools-for-stm32.12.3.rel1.win32_1.0.200.202406191623/tools/bin/../lib/gcc/arm-none-eabi/12.3.1/thumb/v7-m/nofp\libgcc.a
LOAD C:/ST/STM32CubeIDE_1.10.1/STM32CubeIDE/plugins/com.st.stm32cube.ide.mcu.externaltools.gnu-tools-for-stm32.12.3.rel1.win32_1.0.200.202406191623/tools/bin/../lib/gcc/arm-none-eabi/12.3.1/../../../../arm-none-eabi/lib/thumb/v7-m/nofp\libc_nano.a
LOAD C:/ST/STM32CubeIDE_1.10.1/STM32CubeIDE/plugins/com.st.stm32cube.ide.mcu.externaltools.gnu-tools-for-stm32.12.3.rel1.win32_1.0.200.202406191623/tools/bin/../lib/gcc/arm-none-eabi/12.3.1/../../../../arm-none-eabi/lib/thumb/v7-m/nofp\libnosys.a
END GROUP
START GROUP
LOAD C:/ST/STM32CubeIDE_1.10.1/STM32CubeIDE/plugins/com.st.stm32cube.ide.mcu.externaltools.gnu-tools-for-stm32.12.3.rel1.win32_1.0.200.202406191623/tools/bin/../lib/gcc/arm-none-eabi/12.3.1/thumb/v7-m/nofp\libgcc.a
LOAD C:/ST/STM32CubeIDE_1.10.1/STM32CubeIDE/plugins/com.st.stm32cube.ide.mcu.externaltools.gnu-tools-for-stm32.12.3.rel1.win32_1.0.200.202406191623/tools/bin/../lib/gcc/arm-none-eabi/12.3.1/../../../../arm-none-eabi/lib/thumb/v7-m/nofp\libc_nano.a
LOAD C:/ST/STM32CubeIDE_1.10.1/STM32CubeIDE/plugins/com.st.stm32cube.ide.mcu.externaltools.gnu-tools-for-stm32.12.3.rel1.win32_1.0.200.202406191623/tools/bin/../lib/gcc/arm-none-eabi/12.3.1/../../../../arm-none-eabi/lib/thumb/v7-m/nofp\libnosys.a
END GROUP
LOAD C:/ST/STM32CubeIDE_1.10.1/STM32CubeIDE/plugins/com.st.stm32cube.ide.mcu.externaltools.gnu-tools-for-stm32.12.3.rel1.win32_1.0.200.202406191623/tools/bin/../lib/gcc/arm-none-eabi/12.3.1/thumb/v7-m/nofp/crtend.o
LOAD C:/ST/STM32CubeIDE_1.10.1/STM32CubeIDE/plugins/com.st.stm32cube.ide.mcu.externaltools.gnu-tools-for-stm32.12.3.rel1.win32_1.0.200.202406191623/tools/bin/../lib/gcc/arm-none-eabi/12.3.1/thumb/v7-m/nofp/crtn.o
                0x20005000                        _estack = (ORIGIN (RAM) + LENGTH (RAM))
                0x00000200                        _Min_Heap_Size = 0x200
                0x00000400                        _Min_Stack_Size = 0x400

.isr_vector     0x08000000      0x10c
                0x08000000                        . = ALIGN (0x4)
 *(.isr_vector)
 .isr_vector    0x08000000      0x10c ./Core/Startup/startup_stm32f103c8tx.o
                0x08000000                g_pfnVectors
                0x0800010c                        . = ALIGN (0x4)

.text           0x0800010c     0x53b0
                0x0800010c                        . = ALIGN (0x4)
 *(.text)
 .text          0x0800010c       0x40 C:/ST/STM32CubeIDE_1.10.1/STM32CubeIDE/plugins/com.st.stm32cube.ide.mcu.externaltools.gnu-tools-for-stm32.12.3.rel1.win32_1.0.200.202406191623/tools/bin/../lib/gcc/arm-none-eabi/12.3.1/thumb/v7-m/nofp/crtbegin.o
 .text          0x0800014c       0x10 C:/ST/STM32CubeIDE_1.10.1/STM32CubeIDE/plugins/com.st.stm32cube.ide.mcu.externaltools.gnu-tools-for-stm32.12.3.rel1.win32_1.0.200.202406191623/tools/bin/../lib/gcc/arm-none-eabi/12.3.1/../../../../arm-none-eabi/lib/thumb/v7-m/nofp\libc_nano.a(libc_a-strlen.o)
                0x0800014c                strlen
 *(.text*)
 .text.HTONS    0x0800015c       0x28 ./Application/app.o
 .text.send_can_message
                0x08000184       0xac ./Application/app.o
 .text.tx_hdr_init
                0x08000230       0x30 ./Application/app.o
 .text.update_udan_14
                0x08000260       0x7c ./Application/app.o
 .text.update_udan_13
                0x080002dc       0x6c ./Application/app.o
 .text.read_can_message
                0x08000348       0x6c ./Application/app.o
 .text.timer_check
                0x080003b4       0x80 ./Application/app.o
 .text.HAL_TIM_PeriodElapsedCallback
                0x08000434       0x88 ./Application/app.o
                0x08000434                HAL_TIM_PeriodElapsedCallback
 .text.HAL_CAN_TxMailbox0CompleteCallback
                0x080004bc       0x24 ./Application/app.o
                0x080004bc                HAL_CAN_TxMailbox0CompleteCallback
 .text.HAL_CAN_TxMailbox1CompleteCallback
                0x080004e0       0x24 ./Application/app.o
                0x080004e0                HAL_CAN_TxMailbox1CompleteCallback
 .text.HAL_CAN_TxMailbox2CompleteCallback
                0x08000504       0x24 ./Application/app.o
                0x08000504                HAL_CAN_TxMailbox2CompleteCallback
 .text.HAL_CAN_RxFifo0MsgPendingCallback
                0x08000528       0x44 ./Application/app.o
                0x08000528                HAL_CAN_RxFifo0MsgPendingCallback
 .text.app_init
                0x0800056c       0x74 ./Application/app.o
                0x0800056c                app_init
 .text.can_init
                0x080005e0       0x84 ./Application/app.o
                0x080005e0                can_init
 .text.timer_init
                0x08000664       0x3c ./Application/app.o
                0x08000664                timer_init
 .text.app_handler
                0x080006a0       0x44 ./Application/app.o
                0x080006a0                app_handler
 .text.MX_CAN_Init
                0x080006e4       0x6c ./Core/Src/can.o
                0x080006e4                MX_CAN_Init
 .text.HAL_CAN_MspInit
                0x08000750       0xd8 ./Core/Src/can.o
                0x08000750                HAL_CAN_MspInit
 .text.MX_GPIO_Init
                0x08000828       0x94 ./Core/Src/gpio.o
                0x08000828                MX_GPIO_Init
 .text.MX_IWDG_Init
                0x080008bc       0x34 ./Core/Src/iwdg.o
                0x080008bc                MX_IWDG_Init
 .text.main     0x080008f0       0x3c ./Core/Src/main.o
                0x080008f0                main
 .text.SystemClock_Config
                0x0800092c       0x86 ./Core/Src/main.o
                0x0800092c                SystemClock_Config
 .text.Error_Handler
                0x080009b2        0xc ./Core/Src/main.o
                0x080009b2                Error_Handler
 *fill*         0x080009be        0x2 
 .text.HAL_MspInit
                0x080009c0       0x64 ./Core/Src/stm32f1xx_hal_msp.o
                0x080009c0                HAL_MspInit
 .text.NMI_Handler
                0x08000a24        0x8 ./Core/Src/stm32f1xx_it.o
                0x08000a24                NMI_Handler
 .text.HardFault_Handler
                0x08000a2c        0x8 ./Core/Src/stm32f1xx_it.o
                0x08000a2c                HardFault_Handler
 .text.MemManage_Handler
                0x08000a34        0x8 ./Core/Src/stm32f1xx_it.o
                0x08000a34                MemManage_Handler
 .text.BusFault_Handler
                0x08000a3c        0x8 ./Core/Src/stm32f1xx_it.o
                0x08000a3c                BusFault_Handler
 .text.UsageFault_Handler
                0x08000a44        0x8 ./Core/Src/stm32f1xx_it.o
                0x08000a44                UsageFault_Handler
 .text.SVC_Handler
                0x08000a4c        0xc ./Core/Src/stm32f1xx_it.o
                0x08000a4c                SVC_Handler
 .text.DebugMon_Handler
                0x08000a58        0xc ./Core/Src/stm32f1xx_it.o
                0x08000a58                DebugMon_Handler
 .text.PendSV_Handler
                0x08000a64        0xc ./Core/Src/stm32f1xx_it.o
                0x08000a64                PendSV_Handler
 .text.SysTick_Handler
                0x08000a70        0xc ./Core/Src/stm32f1xx_it.o
                0x08000a70                SysTick_Handler
 .text.USB_HP_CAN1_TX_IRQHandler
                0x08000a7c       0x14 ./Core/Src/stm32f1xx_it.o
                0x08000a7c                USB_HP_CAN1_TX_IRQHandler
 .text.USB_LP_CAN1_RX0_IRQHandler
                0x08000a90       0x14 ./Core/Src/stm32f1xx_it.o
                0x08000a90                USB_LP_CAN1_RX0_IRQHandler
 .text.CAN1_RX1_IRQHandler
                0x08000aa4       0x14 ./Core/Src/stm32f1xx_it.o
                0x08000aa4                CAN1_RX1_IRQHandler
 .text.CAN1_SCE_IRQHandler
                0x08000ab8       0x14 ./Core/Src/stm32f1xx_it.o
                0x08000ab8                CAN1_SCE_IRQHandler
 .text.TIM1_UP_IRQHandler
                0x08000acc       0x14 ./Core/Src/stm32f1xx_it.o
                0x08000acc                TIM1_UP_IRQHandler
 .text.TIM2_IRQHandler
                0x08000ae0       0x14 ./Core/Src/stm32f1xx_it.o
                0x08000ae0                TIM2_IRQHandler
 .text.TIM3_IRQHandler
                0x08000af4       0x14 ./Core/Src/stm32f1xx_it.o
                0x08000af4                TIM3_IRQHandler
 .text.USART1_IRQHandler
                0x08000b08       0x14 ./Core/Src/stm32f1xx_it.o
                0x08000b08                USART1_IRQHandler
 .text._sbrk    0x08000b1c       0x6c ./Core/Src/sysmem.o
                0x08000b1c                _sbrk
 .text.SystemInit
                0x08000b88        0xc ./Core/Src/system_stm32f1xx.o
                0x08000b88                SystemInit
 .text.MX_TIM1_Init
                0x08000b94       0xa4 ./Core/Src/tim.o
                0x08000b94                MX_TIM1_Init
 .text.MX_TIM2_Init
                0x08000c38       0x9c ./Core/Src/tim.o
                0x08000c38                MX_TIM2_Init
 .text.MX_TIM3_Init
                0x08000cd4       0x9c ./Core/Src/tim.o
                0x08000cd4                MX_TIM3_Init
 .text.HAL_TIM_Base_MspInit
                0x08000d70       0xb8 ./Core/Src/tim.o
                0x08000d70                HAL_TIM_Base_MspInit
 .text.MX_USART1_UART_Init
                0x08000e28       0x54 ./Core/Src/usart.o
                0x08000e28                MX_USART1_UART_Init
 .text.HAL_UART_MspInit
                0x08000e7c       0xa8 ./Core/Src/usart.o
                0x08000e7c                HAL_UART_MspInit
 .text.Reset_Handler
                0x08000f24       0x48 ./Core/Startup/startup_stm32f103c8tx.o
                0x08000f24                Reset_Handler
 .text.Default_Handler
                0x08000f6c        0x2 ./Core/Startup/startup_stm32f103c8tx.o
                0x08000f6c                RTC_Alarm_IRQHandler
                0x08000f6c                EXTI2_IRQHandler
                0x08000f6c                TIM1_CC_IRQHandler
                0x08000f6c                PVD_IRQHandler
                0x08000f6c                EXTI3_IRQHandler
                0x08000f6c                EXTI0_IRQHandler
                0x08000f6c                I2C2_EV_IRQHandler
                0x08000f6c                ADC1_2_IRQHandler
                0x08000f6c                SPI1_IRQHandler
                0x08000f6c                TAMPER_IRQHandler
                0x08000f6c                DMA1_Channel4_IRQHandler
                0x08000f6c                USART3_IRQHandler
                0x08000f6c                RTC_IRQHandler
                0x08000f6c                DMA1_Channel7_IRQHandler
                0x08000f6c                TIM4_IRQHandler
                0x08000f6c                I2C1_EV_IRQHandler
                0x08000f6c                DMA1_Channel6_IRQHandler
                0x08000f6c                RCC_IRQHandler
                0x08000f6c                TIM1_TRG_COM_IRQHandler
                0x08000f6c                DMA1_Channel1_IRQHandler
                0x08000f6c                Default_Handler
                0x08000f6c                EXTI15_10_IRQHandler
                0x08000f6c                EXTI9_5_IRQHandler
                0x08000f6c                SPI2_IRQHandler
                0x08000f6c                DMA1_Channel5_IRQHandler
                0x08000f6c                EXTI4_IRQHandler
                0x08000f6c                DMA1_Channel3_IRQHandler
                0x08000f6c                WWDG_IRQHandler
                0x08000f6c                TIM1_BRK_IRQHandler
                0x08000f6c                EXTI1_IRQHandler
                0x08000f6c                USART2_IRQHandler
                0x08000f6c                I2C2_ER_IRQHandler
                0x08000f6c                DMA1_Channel2_IRQHandler
                0x08000f6c                FLASH_IRQHandler
                0x08000f6c                I2C1_ER_IRQHandler
                0x08000f6c                USBWakeUp_IRQHandler
 *fill*         0x08000f6e        0x2 
 .text.HAL_Init
                0x08000f70       0x2c ./Drivers/STM32F1xx_HAL_Driver/Src/stm32f1xx_hal.o
                0x08000f70                HAL_Init
 .text.HAL_InitTick
                0x08000f9c       0x60 ./Drivers/STM32F1xx_HAL_Driver/Src/stm32f1xx_hal.o
                0x08000f9c                HAL_InitTick
 .text.HAL_IncTick
                0x08000ffc       0x24 ./Drivers/STM32F1xx_HAL_Driver/Src/stm32f1xx_hal.o
                0x08000ffc                HAL_IncTick
 .text.HAL_GetTick
                0x08001020       0x14 ./Drivers/STM32F1xx_HAL_Driver/Src/stm32f1xx_hal.o
                0x08001020                HAL_GetTick
 .text.HAL_CAN_Init
                0x08001034      0x1f6 ./Drivers/STM32F1xx_HAL_Driver/Src/stm32f1xx_hal_can.o
                0x08001034                HAL_CAN_Init
 .text.HAL_CAN_ConfigFilter
                0x0800122a      0x192 ./Drivers/STM32F1xx_HAL_Driver/Src/stm32f1xx_hal_can.o
                0x0800122a                HAL_CAN_ConfigFilter
 .text.HAL_CAN_Start
                0x080013bc       0x88 ./Drivers/STM32F1xx_HAL_Driver/Src/stm32f1xx_hal_can.o
                0x080013bc                HAL_CAN_Start
 .text.HAL_CAN_AddTxMessage
                0x08001444      0x19e ./Drivers/STM32F1xx_HAL_Driver/Src/stm32f1xx_hal_can.o
                0x08001444                HAL_CAN_AddTxMessage
 .text.HAL_CAN_GetTxMailboxesFreeLevel
                0x080015e2       0x68 ./Drivers/STM32F1xx_HAL_Driver/Src/stm32f1xx_hal_can.o
                0x080015e2                HAL_CAN_GetTxMailboxesFreeLevel
 .text.HAL_CAN_GetRxMessage
                0x0800164a      0x242 ./Drivers/STM32F1xx_HAL_Driver/Src/stm32f1xx_hal_can.o
                0x0800164a                HAL_CAN_GetRxMessage
 .text.HAL_CAN_ActivateNotification
                0x0800188c       0x4a ./Drivers/STM32F1xx_HAL_Driver/Src/stm32f1xx_hal_can.o
                0x0800188c                HAL_CAN_ActivateNotification
 .text.HAL_CAN_IRQHandler
                0x080018d6      0x36e ./Drivers/STM32F1xx_HAL_Driver/Src/stm32f1xx_hal_can.o
                0x080018d6                HAL_CAN_IRQHandler
 .text.HAL_CAN_TxMailbox0AbortCallback
                0x08001c44       0x12 ./Drivers/STM32F1xx_HAL_Driver/Src/stm32f1xx_hal_can.o
                0x08001c44                HAL_CAN_TxMailbox0AbortCallback
 .text.HAL_CAN_TxMailbox1AbortCallback
                0x08001c56       0x12 ./Drivers/STM32F1xx_HAL_Driver/Src/stm32f1xx_hal_can.o
                0x08001c56                HAL_CAN_TxMailbox1AbortCallback
 .text.HAL_CAN_TxMailbox2AbortCallback
                0x08001c68       0x12 ./Drivers/STM32F1xx_HAL_Driver/Src/stm32f1xx_hal_can.o
                0x08001c68                HAL_CAN_TxMailbox2AbortCallback
 .text.HAL_CAN_RxFifo0FullCallback
                0x08001c7a       0x12 ./Drivers/STM32F1xx_HAL_Driver/Src/stm32f1xx_hal_can.o
                0x08001c7a                HAL_CAN_RxFifo0FullCallback
 .text.HAL_CAN_RxFifo1MsgPendingCallback
                0x08001c8c       0x12 ./Drivers/STM32F1xx_HAL_Driver/Src/stm32f1xx_hal_can.o
                0x08001c8c                HAL_CAN_RxFifo1MsgPendingCallback
 .text.HAL_CAN_RxFifo1FullCallback
                0x08001c9e       0x12 ./Drivers/STM32F1xx_HAL_Driver/Src/stm32f1xx_hal_can.o
                0x08001c9e                HAL_CAN_RxFifo1FullCallback
 .text.HAL_CAN_SleepCallback
                0x08001cb0       0x12 ./Drivers/STM32F1xx_HAL_Driver/Src/stm32f1xx_hal_can.o
                0x08001cb0                HAL_CAN_SleepCallback
 .text.HAL_CAN_WakeUpFromRxMsgCallback
                0x08001cc2       0x12 ./Drivers/STM32F1xx_HAL_Driver/Src/stm32f1xx_hal_can.o
                0x08001cc2                HAL_CAN_WakeUpFromRxMsgCallback
 .text.HAL_CAN_ErrorCallback
                0x08001cd4       0x12 ./Drivers/STM32F1xx_HAL_Driver/Src/stm32f1xx_hal_can.o
                0x08001cd4                HAL_CAN_ErrorCallback
 *fill*         0x08001ce6        0x2 
 .text.__NVIC_SetPriorityGrouping
                0x08001ce8       0x48 ./Drivers/STM32F1xx_HAL_Driver/Src/stm32f1xx_hal_cortex.o
 .text.__NVIC_GetPriorityGrouping
                0x08001d30       0x1c ./Drivers/STM32F1xx_HAL_Driver/Src/stm32f1xx_hal_cortex.o
 .text.__NVIC_EnableIRQ
                0x08001d4c       0x38 ./Drivers/STM32F1xx_HAL_Driver/Src/stm32f1xx_hal_cortex.o
 .text.__NVIC_SetPriority
                0x08001d84       0x54 ./Drivers/STM32F1xx_HAL_Driver/Src/stm32f1xx_hal_cortex.o
 .text.NVIC_EncodePriority
                0x08001dd8       0x64 ./Drivers/STM32F1xx_HAL_Driver/Src/stm32f1xx_hal_cortex.o
 .text.SysTick_Config
                0x08001e3c       0x44 ./Drivers/STM32F1xx_HAL_Driver/Src/stm32f1xx_hal_cortex.o
 .text.HAL_NVIC_SetPriorityGrouping
                0x08001e80       0x16 ./Drivers/STM32F1xx_HAL_Driver/Src/stm32f1xx_hal_cortex.o
                0x08001e80                HAL_NVIC_SetPriorityGrouping
 .text.HAL_NVIC_SetPriority
                0x08001e96       0x38 ./Drivers/STM32F1xx_HAL_Driver/Src/stm32f1xx_hal_cortex.o
                0x08001e96                HAL_NVIC_SetPriority
 .text.HAL_NVIC_EnableIRQ
                0x08001ece       0x1c ./Drivers/STM32F1xx_HAL_Driver/Src/stm32f1xx_hal_cortex.o
                0x08001ece                HAL_NVIC_EnableIRQ
 .text.HAL_SYSTICK_Config
                0x08001eea       0x18 ./Drivers/STM32F1xx_HAL_Driver/Src/stm32f1xx_hal_cortex.o
                0x08001eea                HAL_SYSTICK_Config
 .text.HAL_DMA_Abort
                0x08001f02       0x76 ./Drivers/STM32F1xx_HAL_Driver/Src/stm32f1xx_hal_dma.o
                0x08001f02                HAL_DMA_Abort
 .text.HAL_DMA_Abort_IT
                0x08001f78       0xf0 ./Drivers/STM32F1xx_HAL_Driver/Src/stm32f1xx_hal_dma.o
                0x08001f78                HAL_DMA_Abort_IT
 .text.HAL_GPIO_Init
                0x08002068      0x308 ./Drivers/STM32F1xx_HAL_Driver/Src/stm32f1xx_hal_gpio.o
                0x08002068                HAL_GPIO_Init
 .text.HAL_GPIO_WritePin
                0x08002370       0x30 ./Drivers/STM32F1xx_HAL_Driver/Src/stm32f1xx_hal_gpio.o
                0x08002370                HAL_GPIO_WritePin
 .text.HAL_GPIO_TogglePin
                0x080023a0       0x32 ./Drivers/STM32F1xx_HAL_Driver/Src/stm32f1xx_hal_gpio.o
                0x080023a0                HAL_GPIO_TogglePin
 .text.HAL_IWDG_Init
                0x080023d2       0x84 ./Drivers/STM32F1xx_HAL_Driver/Src/stm32f1xx_hal_iwdg.o
                0x080023d2                HAL_IWDG_Init
 .text.HAL_IWDG_Refresh
                0x08002456       0x1e ./Drivers/STM32F1xx_HAL_Driver/Src/stm32f1xx_hal_iwdg.o
                0x08002456                HAL_IWDG_Refresh
 .text.HAL_RCC_OscConfig
                0x08002474      0x504 ./Drivers/STM32F1xx_HAL_Driver/Src/stm32f1xx_hal_rcc.o
                0x08002474                HAL_RCC_OscConfig
 .text.HAL_RCC_ClockConfig
                0x08002978      0x1d4 ./Drivers/STM32F1xx_HAL_Driver/Src/stm32f1xx_hal_rcc.o
                0x08002978                HAL_RCC_ClockConfig
 .text.HAL_RCC_GetSysClockFreq
                0x08002b4c       0xa8 ./Drivers/STM32F1xx_HAL_Driver/Src/stm32f1xx_hal_rcc.o
                0x08002b4c                HAL_RCC_GetSysClockFreq
 .text.HAL_RCC_GetHCLKFreq
                0x08002bf4       0x14 ./Drivers/STM32F1xx_HAL_Driver/Src/stm32f1xx_hal_rcc.o
                0x08002bf4                HAL_RCC_GetHCLKFreq
 .text.HAL_RCC_GetPCLK1Freq
                0x08002c08       0x28 ./Drivers/STM32F1xx_HAL_Driver/Src/stm32f1xx_hal_rcc.o
                0x08002c08                HAL_RCC_GetPCLK1Freq
 .text.HAL_RCC_GetPCLK2Freq
                0x08002c30       0x28 ./Drivers/STM32F1xx_HAL_Driver/Src/stm32f1xx_hal_rcc.o
                0x08002c30                HAL_RCC_GetPCLK2Freq
 .text.RCC_Delay
                0x08002c58       0x3c ./Drivers/STM32F1xx_HAL_Driver/Src/stm32f1xx_hal_rcc.o
 .text.HAL_TIM_Base_Init
                0x08002c94       0x9e ./Drivers/STM32F1xx_HAL_Driver/Src/stm32f1xx_hal_tim.o
                0x08002c94                HAL_TIM_Base_Init
 *fill*         0x08002d32        0x2 
 .text.HAL_TIM_Base_Start_IT
                0x08002d34       0xa4 ./Drivers/STM32F1xx_HAL_Driver/Src/stm32f1xx_hal_tim.o
                0x08002d34                HAL_TIM_Base_Start_IT
 .text.HAL_TIM_Base_Stop_IT
                0x08002dd8       0x5c ./Drivers/STM32F1xx_HAL_Driver/Src/stm32f1xx_hal_tim.o
                0x08002dd8                HAL_TIM_Base_Stop_IT
 .text.HAL_TIM_IRQHandler
                0x08002e34      0x210 ./Drivers/STM32F1xx_HAL_Driver/Src/stm32f1xx_hal_tim.o
                0x08002e34                HAL_TIM_IRQHandler
 .text.HAL_TIM_ConfigClockSource
                0x08003044      0x18e ./Drivers/STM32F1xx_HAL_Driver/Src/stm32f1xx_hal_tim.o
                0x08003044                HAL_TIM_ConfigClockSource
 .text.HAL_TIM_OC_DelayElapsedCallback
                0x080031d2       0x12 ./Drivers/STM32F1xx_HAL_Driver/Src/stm32f1xx_hal_tim.o
                0x080031d2                HAL_TIM_OC_DelayElapsedCallback
 .text.HAL_TIM_IC_CaptureCallback
                0x080031e4       0x12 ./Drivers/STM32F1xx_HAL_Driver/Src/stm32f1xx_hal_tim.o
                0x080031e4                HAL_TIM_IC_CaptureCallback
 .text.HAL_TIM_PWM_PulseFinishedCallback
                0x080031f6       0x12 ./Drivers/STM32F1xx_HAL_Driver/Src/stm32f1xx_hal_tim.o
                0x080031f6                HAL_TIM_PWM_PulseFinishedCallback
 .text.HAL_TIM_TriggerCallback
                0x08003208       0x12 ./Drivers/STM32F1xx_HAL_Driver/Src/stm32f1xx_hal_tim.o
                0x08003208                HAL_TIM_TriggerCallback
 *fill*         0x0800321a        0x2 
 .text.TIM_Base_SetConfig
                0x0800321c       0xc4 ./Drivers/STM32F1xx_HAL_Driver/Src/stm32f1xx_hal_tim.o
                0x0800321c                TIM_Base_SetConfig
 .text.TIM_TI1_ConfigInputStage
                0x080032e0       0x5c ./Drivers/STM32F1xx_HAL_Driver/Src/stm32f1xx_hal_tim.o
 .text.TIM_TI2_ConfigInputStage
                0x0800333c       0x5e ./Drivers/STM32F1xx_HAL_Driver/Src/stm32f1xx_hal_tim.o
 .text.TIM_ITRx_SetConfig
                0x0800339a       0x34 ./Drivers/STM32F1xx_HAL_Driver/Src/stm32f1xx_hal_tim.o
 .text.TIM_ETR_SetConfig
                0x080033ce       0x3e ./Drivers/STM32F1xx_HAL_Driver/Src/stm32f1xx_hal_tim.o
                0x080033ce                TIM_ETR_SetConfig
 .text.HAL_TIMEx_MasterConfigSynchronization
                0x0800340c       0xbc ./Drivers/STM32F1xx_HAL_Driver/Src/stm32f1xx_hal_tim_ex.o
                0x0800340c                HAL_TIMEx_MasterConfigSynchronization
 .text.HAL_TIMEx_CommutCallback
                0x080034c8       0x12 ./Drivers/STM32F1xx_HAL_Driver/Src/stm32f1xx_hal_tim_ex.o
                0x080034c8                HAL_TIMEx_CommutCallback
 .text.HAL_TIMEx_BreakCallback
                0x080034da       0x12 ./Drivers/STM32F1xx_HAL_Driver/Src/stm32f1xx_hal_tim_ex.o
                0x080034da                HAL_TIMEx_BreakCallback
 .text.HAL_UART_Init
                0x080034ec       0xa0 ./Drivers/STM32F1xx_HAL_Driver/Src/stm32f1xx_hal_uart.o
                0x080034ec                HAL_UART_Init
 .text.HAL_UART_Transmit
                0x0800358c      0x106 ./Drivers/STM32F1xx_HAL_Driver/Src/stm32f1xx_hal_uart.o
                0x0800358c                HAL_UART_Transmit
 .text.HAL_UART_Receive_IT
                0x08003692       0x4a ./Drivers/STM32F1xx_HAL_Driver/Src/stm32f1xx_hal_uart.o
                0x08003692                HAL_UART_Receive_IT
 .text.HAL_UART_IRQHandler
                0x080036dc      0x524 ./Drivers/STM32F1xx_HAL_Driver/Src/stm32f1xx_hal_uart.o
                0x080036dc                HAL_UART_IRQHandler
 .text.HAL_UART_TxCpltCallback
                0x08003c00       0x12 ./Drivers/STM32F1xx_HAL_Driver/Src/stm32f1xx_hal_uart.o
                0x08003c00                HAL_UART_TxCpltCallback
 .text.HAL_UART_ErrorCallback
                0x08003c12       0x12 ./Drivers/STM32F1xx_HAL_Driver/Src/stm32f1xx_hal_uart.o
                0x08003c12                HAL_UART_ErrorCallback
 .text.HAL_UARTEx_RxEventCallback
                0x08003c24       0x16 ./Drivers/STM32F1xx_HAL_Driver/Src/stm32f1xx_hal_uart.o
                0x08003c24                HAL_UARTEx_RxEventCallback
 .text.UART_WaitOnFlagUntilTimeout
                0x08003c3a       0xdc ./Drivers/STM32F1xx_HAL_Driver/Src/stm32f1xx_hal_uart.o
 .text.UART_Start_Receive_IT
                0x08003d16       0x72 ./Drivers/STM32F1xx_HAL_Driver/Src/stm32f1xx_hal_uart.o
                0x08003d16                UART_Start_Receive_IT
 .text.UART_EndRxTransfer
                0x08003d88       0xc4 ./Drivers/STM32F1xx_HAL_Driver/Src/stm32f1xx_hal_uart.o
 .text.UART_DMAAbortOnError
                0x08003e4c       0x28 ./Drivers/STM32F1xx_HAL_Driver/Src/stm32f1xx_hal_uart.o
 .text.UART_Transmit_IT
                0x08003e74       0x9e ./Drivers/STM32F1xx_HAL_Driver/Src/stm32f1xx_hal_uart.o
 .text.UART_EndTransmit_IT
                0x08003f12       0x30 ./Drivers/STM32F1xx_HAL_Driver/Src/stm32f1xx_hal_uart.o
 .text.UART_Receive_IT
                0x08003f42      0x17c ./Drivers/STM32F1xx_HAL_Driver/Src/stm32f1xx_hal_uart.o
 *fill*         0x080040be        0x2 
 .text.UART_SetConfig
                0x080040c0      0x11c ./Drivers/STM32F1xx_HAL_Driver/Src/stm32f1xx_hal_uart.o
 .text.NextionAddComp
                0x080041dc       0x76 ./Nextion_STM32_Library/Nextion.o
                0x080041dc                NextionAddComp
 .text.NextionInit
                0x08004252       0x42 ./Nextion_STM32_Library/Nextion.o
                0x08004252                NextionInit
 .text.NextionUpdate
                0x08004294      0x1d6 ./Nextion_STM32_Library/Nextion.o
                0x08004294                NextionUpdate
 *fill*         0x0800446a        0x2 
 .text.NextionSetText
                0x0800446c       0x48 ./Nextion_STM32_Library/Nextion.o
                0x0800446c                NextionSetText
 .text.NextionSetVal
                0x080044b4       0x48 ./Nextion_STM32_Library/Nextion.o
                0x080044b4                NextionSetVal
 .text.NextionSendCommand
                0x080044fc       0x32 ./Nextion_STM32_Library/Nextion.o
                0x080044fc                NextionSendCommand
 *fill*         0x0800452e        0x2 
 .text.NextionEndCommand
                0x08004530       0x40 ./Nextion_STM32_Library/Nextion.o
                0x08004530                NextionEndCommand
 .text.NextionRestartIT
                0x08004570       0x22 ./Nextion_STM32_Library/Nextion.o
                0x08004570                NextionRestartIT
 *fill*         0x08004592        0x2 
 .text.HAL_UART_RxCpltCallback
                0x08004594       0x1c ./Nextion_Wrapper/nextion_wrapper.o
                0x08004594                HAL_UART_RxCpltCallback
 .text.nextion_disp_init
                0x080045b0      0x19c ./Nextion_Wrapper/nextion_wrapper.o
                0x080045b0                nextion_disp_init
 .text.update_batt_volt_label
                0x0800474c       0x24 ./Nextion_Wrapper/nextion_wrapper.o
                0x0800474c                update_batt_volt_label
 .text.update_batt_curr_label
                0x08004770       0x24 ./Nextion_Wrapper/nextion_wrapper.o
                0x08004770                update_batt_curr_label
 .text.update_batt_soc_label
                0x08004794       0x24 ./Nextion_Wrapper/nextion_wrapper.o
                0x08004794                update_batt_soc_label
 .text.update_soc_bar_label
                0x080047b8       0x24 ./Nextion_Wrapper/nextion_wrapper.o
                0x080047b8                update_soc_bar_label
 .text.update_comm_status_label
                0x080047dc       0x24 ./Nextion_Wrapper/nextion_wrapper.o
                0x080047dc                update_comm_status_label
 .text.update_batt_status_label
                0x08004800       0x24 ./Nextion_Wrapper/nextion_wrapper.o
                0x08004800                update_batt_status_label
 .text.update_min_cellv_label
                0x08004824       0x24 ./Nextion_Wrapper/nextion_wrapper.o
                0x08004824                update_min_cellv_label
 .text.update_min_cellv_id_label
                0x08004848       0x24 ./Nextion_Wrapper/nextion_wrapper.o
                0x08004848                update_min_cellv_id_label
 .text.update_max_cellt_label
                0x0800486c       0x24 ./Nextion_Wrapper/nextion_wrapper.o
                0x0800486c                update_max_cellt_label
 .text.update_max_cellt_id_label
                0x08004890       0x24 ./Nextion_Wrapper/nextion_wrapper.o
                0x08004890                update_max_cellt_id_label
 .text.update_min_cellt_label
                0x080048b4       0x24 ./Nextion_Wrapper/nextion_wrapper.o
                0x080048b4                update_min_cellt_label
 .text.update_min_cellt_id_label
                0x080048d8       0x24 ./Nextion_Wrapper/nextion_wrapper.o
                0x080048d8                update_min_cellt_id_label
 .text.reset_display
                0x080048fc       0x50 ./Nextion_Wrapper/nextion_wrapper.o
                0x080048fc                reset_display
 .text.reset_page1_display
                0x0800494c       0x20 ./Nextion_Wrapper/nextion_wrapper.o
                0x0800494c                reset_page1_display
 .text.reset_page2_display
                0x0800496c       0x14 ./Nextion_Wrapper/nextion_wrapper.o
                0x0800496c                reset_page2_display
 .text.reset_page3_display
                0x08004980       0x20 ./Nextion_Wrapper/nextion_wrapper.o
                0x08004980                reset_page3_display
 .text.queue_init
                0x080049a0       0x36 ./Queue/queue.o
                0x080049a0                queue_init
 .text.is_empty
                0x080049d6       0x20 ./Queue/queue.o
                0x080049d6                is_empty
 .text.is_full  0x080049f6       0x24 ./Queue/queue.o
                0x080049f6                is_full
 .text.enqueue  0x08004a1a       0x72 ./Queue/queue.o
                0x08004a1a                enqueue
 .text.dequeue  0x08004a8c       0x62 ./Queue/queue.o
                0x08004a8c                dequeue
 .text.peek     0x08004aee       0x34 ./Queue/queue.o
                0x08004aee                peek
 *fill*         0x08004b22        0x2 
 .text.malloc   0x08004b24       0x10 C:/ST/STM32CubeIDE_1.10.1/STM32CubeIDE/plugins/com.st.stm32cube.ide.mcu.externaltools.gnu-tools-for-stm32.12.3.rel1.win32_1.0.200.202406191623/tools/bin/../lib/gcc/arm-none-eabi/12.3.1/../../../../arm-none-eabi/lib/thumb/v7-m/nofp\libc_nano.a(libc_a-malloc.o)
                0x08004b24                malloc
 .text.sbrk_aligned
                0x08004b34       0x44 C:/ST/STM32CubeIDE_1.10.1/STM32CubeIDE/plugins/com.st.stm32cube.ide.mcu.externaltools.gnu-tools-for-stm32.12.3.rel1.win32_1.0.200.202406191623/tools/bin/../lib/gcc/arm-none-eabi/12.3.1/../../../../arm-none-eabi/lib/thumb/v7-m/nofp\libc_nano.a(libc_a-mallocr.o)
 .text._malloc_r
                0x08004b78      0x100 C:/ST/STM32CubeIDE_1.10.1/STM32CubeIDE/plugins/com.st.stm32cube.ide.mcu.externaltools.gnu-tools-for-stm32.12.3.rel1.win32_1.0.200.202406191623/tools/bin/../lib/gcc/arm-none-eabi/12.3.1/../../../../arm-none-eabi/lib/thumb/v7-m/nofp\libc_nano.a(libc_a-mallocr.o)
                0x08004b78                _malloc_r
 .text.__malloc_lock
                0x08004c78        0xc C:/ST/STM32CubeIDE_1.10.1/STM32CubeIDE/plugins/com.st.stm32cube.ide.mcu.externaltools.gnu-tools-for-stm32.12.3.rel1.win32_1.0.200.202406191623/tools/bin/../lib/gcc/arm-none-eabi/12.3.1/../../../../arm-none-eabi/lib/thumb/v7-m/nofp\libc_nano.a(libc_a-mlock.o)
                0x08004c78                __malloc_lock
 .text.__malloc_unlock
                0x08004c84        0xc C:/ST/STM32CubeIDE_1.10.1/STM32CubeIDE/plugins/com.st.stm32cube.ide.mcu.externaltools.gnu-tools-for-stm32.12.3.rel1.win32_1.0.200.202406191623/tools/bin/../lib/gcc/arm-none-eabi/12.3.1/../../../../arm-none-eabi/lib/thumb/v7-m/nofp\libc_nano.a(libc_a-mlock.o)
                0x08004c84                __malloc_unlock
 .text.sprintf  0x08004c90       0x40 C:/ST/STM32CubeIDE_1.10.1/STM32CubeIDE/plugins/com.st.stm32cube.ide.mcu.externaltools.gnu-tools-for-stm32.12.3.rel1.win32_1.0.200.202406191623/tools/bin/../lib/gcc/arm-none-eabi/12.3.1/../../../../arm-none-eabi/lib/thumb/v7-m/nofp\libc_nano.a(libc_a-sprintf.o)
                0x08004c90                siprintf
                0x08004c90                sprintf
 .text.memset   0x08004cd0       0x10 C:/ST/STM32CubeIDE_1.10.1/STM32CubeIDE/plugins/com.st.stm32cube.ide.mcu.externaltools.gnu-tools-for-stm32.12.3.rel1.win32_1.0.200.202406191623/tools/bin/../lib/gcc/arm-none-eabi/12.3.1/../../../../arm-none-eabi/lib/thumb/v7-m/nofp\libc_nano.a(libc_a-memset.o)
                0x08004cd0                memset
 .text._sbrk_r  0x08004ce0       0x20 C:/ST/STM32CubeIDE_1.10.1/STM32CubeIDE/plugins/com.st.stm32cube.ide.mcu.externaltools.gnu-tools-for-stm32.12.3.rel1.win32_1.0.200.202406191623/tools/bin/../lib/gcc/arm-none-eabi/12.3.1/../../../../arm-none-eabi/lib/thumb/v7-m/nofp\libc_nano.a(libc_a-sbrkr.o)
                0x08004ce0                _sbrk_r
 .text.__errno  0x08004d00        0xc C:/ST/STM32CubeIDE_1.10.1/STM32CubeIDE/plugins/com.st.stm32cube.ide.mcu.externaltools.gnu-tools-for-stm32.12.3.rel1.win32_1.0.200.202406191623/tools/bin/../lib/gcc/arm-none-eabi/12.3.1/../../../../arm-none-eabi/lib/thumb/v7-m/nofp\libc_nano.a(libc_a-errno.o)
                0x08004d00                __errno
 .text.__libc_init_array
                0x08004d0c       0x48 C:/ST/STM32CubeIDE_1.10.1/STM32CubeIDE/plugins/com.st.stm32cube.ide.mcu.externaltools.gnu-tools-for-stm32.12.3.rel1.win32_1.0.200.202406191623/tools/bin/../lib/gcc/arm-none-eabi/12.3.1/../../../../arm-none-eabi/lib/thumb/v7-m/nofp\libc_nano.a(libc_a-init.o)
                0x08004d0c                __libc_init_array
 .text.__retarget_lock_acquire_recursive
                0x08004d54        0x2 C:/ST/STM32CubeIDE_1.10.1/STM32CubeIDE/plugins/com.st.stm32cube.ide.mcu.externaltools.gnu-tools-for-stm32.12.3.rel1.win32_1.0.200.202406191623/tools/bin/../lib/gcc/arm-none-eabi/12.3.1/../../../../arm-none-eabi/lib/thumb/v7-m/nofp\libc_nano.a(libc_a-lock.o)
                0x08004d54                __retarget_lock_acquire_recursive
 .text.__retarget_lock_release_recursive
                0x08004d56        0x2 C:/ST/STM32CubeIDE_1.10.1/STM32CubeIDE/plugins/com.st.stm32cube.ide.mcu.externaltools.gnu-tools-for-stm32.12.3.rel1.win32_1.0.200.202406191623/tools/bin/../lib/gcc/arm-none-eabi/12.3.1/../../../../arm-none-eabi/lib/thumb/v7-m/nofp\libc_nano.a(libc_a-lock.o)
                0x08004d56                __retarget_lock_release_recursive
 .text.strcpy   0x08004d58       0x10 C:/ST/STM32CubeIDE_1.10.1/STM32CubeIDE/plugins/com.st.stm32cube.ide.mcu.externaltools.gnu-tools-for-stm32.12.3.rel1.win32_1.0.200.202406191623/tools/bin/../lib/gcc/arm-none-eabi/12.3.1/../../../../arm-none-eabi/lib/thumb/v7-m/nofp\libc_nano.a(libc_a-strcpy.o)
                0x08004d58                strcpy
 .text.memcpy   0x08004d68       0x1c C:/ST/STM32CubeIDE_1.10.1/STM32CubeIDE/plugins/com.st.stm32cube.ide.mcu.externaltools.gnu-tools-for-stm32.12.3.rel1.win32_1.0.200.202406191623/tools/bin/../lib/gcc/arm-none-eabi/12.3.1/../../../../arm-none-eabi/lib/thumb/v7-m/nofp\libc_nano.a(libc_a-memcpy-stub.o)
                0x08004d68                memcpy
 .text._free_r  0x08004d84       0x90 C:/ST/STM32CubeIDE_1.10.1/STM32CubeIDE/plugins/com.st.stm32cube.ide.mcu.externaltools.gnu-tools-for-stm32.12.3.rel1.win32_1.0.200.202406191623/tools/bin/../lib/gcc/arm-none-eabi/12.3.1/../../../../arm-none-eabi/lib/thumb/v7-m/nofp\libc_nano.a(libc_a-freer.o)
                0x08004d84                _free_r
 .text.__ssputs_r
                0x08004e14       0xb6 C:/ST/STM32CubeIDE_1.10.1/STM32CubeIDE/plugins/com.st.stm32cube.ide.mcu.externaltools.gnu-tools-for-stm32.12.3.rel1.win32_1.0.200.202406191623/tools/bin/../lib/gcc/arm-none-eabi/12.3.1/../../../../arm-none-eabi/lib/thumb/v7-m/nofp\libc_nano.a(libc_a-nano-svfprintf.o)
                0x08004e14                __ssputs_r
 *fill*         0x08004eca        0x2 
 .text._svfprintf_r
                0x08004ecc      0x1f8 C:/ST/STM32CubeIDE_1.10.1/STM32CubeIDE/plugins/com.st.stm32cube.ide.mcu.externaltools.gnu-tools-for-stm32.12.3.rel1.win32_1.0.200.202406191623/tools/bin/../lib/gcc/arm-none-eabi/12.3.1/../../../../arm-none-eabi/lib/thumb/v7-m/nofp\libc_nano.a(libc_a-nano-svfprintf.o)
                0x08004ecc                _svfiprintf_r
                0x08004ecc                _svfprintf_r
 .text._printf_common
                0x080050c4       0xe4 C:/ST/STM32CubeIDE_1.10.1/STM32CubeIDE/plugins/com.st.stm32cube.ide.mcu.externaltools.gnu-tools-for-stm32.12.3.rel1.win32_1.0.200.202406191623/tools/bin/../lib/gcc/arm-none-eabi/12.3.1/../../../../arm-none-eabi/lib/thumb/v7-m/nofp\libc_nano.a(libc_a-nano-vfprintf_i.o)
                0x080050c4                _printf_common
 .text._printf_i
                0x080051a8      0x240 C:/ST/STM32CubeIDE_1.10.1/STM32CubeIDE/plugins/com.st.stm32cube.ide.mcu.externaltools.gnu-tools-for-stm32.12.3.rel1.win32_1.0.200.202406191623/tools/bin/../lib/gcc/arm-none-eabi/12.3.1/../../../../arm-none-eabi/lib/thumb/v7-m/nofp\libc_nano.a(libc_a-nano-vfprintf_i.o)
                0x080051a8                _printf_i
 .text.memmove  0x080053e8       0x34 C:/ST/STM32CubeIDE_1.10.1/STM32CubeIDE/plugins/com.st.stm32cube.ide.mcu.externaltools.gnu-tools-for-stm32.12.3.rel1.win32_1.0.200.202406191623/tools/bin/../lib/gcc/arm-none-eabi/12.3.1/../../../../arm-none-eabi/lib/thumb/v7-m/nofp\libc_nano.a(libc_a-memmove.o)
                0x080053e8                memmove
 .text.memchr   0x0800541c       0x1c C:/ST/STM32CubeIDE_1.10.1/STM32CubeIDE/plugins/com.st.stm32cube.ide.mcu.externaltools.gnu-tools-for-stm32.12.3.rel1.win32_1.0.200.202406191623/tools/bin/../lib/gcc/arm-none-eabi/12.3.1/../../../../arm-none-eabi/lib/thumb/v7-m/nofp\libc_nano.a(libc_a-memchr-stub.o)
                0x0800541c                memchr
 .text._realloc_r
                0x08005438       0x5c C:/ST/STM32CubeIDE_1.10.1/STM32CubeIDE/plugins/com.st.stm32cube.ide.mcu.externaltools.gnu-tools-for-stm32.12.3.rel1.win32_1.0.200.202406191623/tools/bin/../lib/gcc/arm-none-eabi/12.3.1/../../../../arm-none-eabi/lib/thumb/v7-m/nofp\libc_nano.a(libc_a-reallocr.o)
                0x08005438                _realloc_r
 .text._malloc_usable_size_r
                0x08005494       0x10 C:/ST/STM32CubeIDE_1.10.1/STM32CubeIDE/plugins/com.st.stm32cube.ide.mcu.externaltools.gnu-tools-for-stm32.12.3.rel1.win32_1.0.200.202406191623/tools/bin/../lib/gcc/arm-none-eabi/12.3.1/../../../../arm-none-eabi/lib/thumb/v7-m/nofp\libc_nano.a(libc_a-msizer.o)
                0x08005494                _malloc_usable_size_r
 *(.glue_7)
 .glue_7        0x080054a4        0x0 linker stubs
 *(.glue_7t)
 .glue_7t       0x080054a4        0x0 linker stubs
 *(.eh_frame)
 .eh_frame      0x080054a4        0x0 C:/ST/STM32CubeIDE_1.10.1/STM32CubeIDE/plugins/com.st.stm32cube.ide.mcu.externaltools.gnu-tools-for-stm32.12.3.rel1.win32_1.0.200.202406191623/tools/bin/../lib/gcc/arm-none-eabi/12.3.1/thumb/v7-m/nofp/crtbegin.o
 *(.init)
 .init          0x080054a4        0x4 C:/ST/STM32CubeIDE_1.10.1/STM32CubeIDE/plugins/com.st.stm32cube.ide.mcu.externaltools.gnu-tools-for-stm32.12.3.rel1.win32_1.0.200.202406191623/tools/bin/../lib/gcc/arm-none-eabi/12.3.1/thumb/v7-m/nofp/crti.o
                0x080054a4                _init
 .init          0x080054a8        0x8 C:/ST/STM32CubeIDE_1.10.1/STM32CubeIDE/plugins/com.st.stm32cube.ide.mcu.externaltools.gnu-tools-for-stm32.12.3.rel1.win32_1.0.200.202406191623/tools/bin/../lib/gcc/arm-none-eabi/12.3.1/thumb/v7-m/nofp/crtn.o
 *(.fini)
 .fini          0x080054b0        0x4 C:/ST/STM32CubeIDE_1.10.1/STM32CubeIDE/plugins/com.st.stm32cube.ide.mcu.externaltools.gnu-tools-for-stm32.12.3.rel1.win32_1.0.200.202406191623/tools/bin/../lib/gcc/arm-none-eabi/12.3.1/thumb/v7-m/nofp/crti.o
                0x080054b0                _fini
 .fini          0x080054b4        0x8 C:/ST/STM32CubeIDE_1.10.1/STM32CubeIDE/plugins/com.st.stm32cube.ide.mcu.externaltools.gnu-tools-for-stm32.12.3.rel1.win32_1.0.200.202406191623/tools/bin/../lib/gcc/arm-none-eabi/12.3.1/thumb/v7-m/nofp/crtn.o
                0x080054bc                        . = ALIGN (0x4)
                0x080054bc                        _etext = .

.vfp11_veneer   0x080054bc        0x0
 .vfp11_veneer  0x080054bc        0x0 linker stubs

.v4_bx          0x080054bc        0x0
 .v4_bx         0x080054bc        0x0 linker stubs

.iplt           0x080054bc        0x0
 .iplt          0x080054bc        0x0 C:/ST/STM32CubeIDE_1.10.1/STM32CubeIDE/plugins/com.st.stm32cube.ide.mcu.externaltools.gnu-tools-for-stm32.12.3.rel1.win32_1.0.200.202406191623/tools/bin/../lib/gcc/arm-none-eabi/12.3.1/thumb/v7-m/nofp/crtbegin.o

.rodata         0x080054bc      0x1a0
                0x080054bc                        . = ALIGN (0x4)
 *(.rodata)
 .rodata        0x080054bc       0x31 ./Application/app.o
 *fill*         0x080054ed        0x3 
 .rodata        0x080054f0       0x33 ./Nextion_STM32_Library/Nextion.o
 *fill*         0x08005523        0x1 
 .rodata        0x08005524       0xd5 ./Nextion_Wrapper/nextion_wrapper.o
 *(.rodata*)
 *fill*         0x080055f9        0x3 
 .rodata.AHBPrescTable
                0x080055fc       0x10 ./Core/Src/system_stm32f1xx.o
                0x080055fc                AHBPrescTable
 .rodata.APBPrescTable
                0x0800560c        0x8 ./Core/Src/system_stm32f1xx.o
                0x0800560c                APBPrescTable
 .rodata.aPLLMULFactorTable.1
                0x08005614       0x10 ./Drivers/STM32F1xx_HAL_Driver/Src/stm32f1xx_hal_rcc.o
 .rodata.aPredivFactorTable.0
                0x08005624        0x2 ./Drivers/STM32F1xx_HAL_Driver/Src/stm32f1xx_hal_rcc.o
 .rodata._svfprintf_r.str1.1
                0x08005626       0x11 C:/ST/STM32CubeIDE_1.10.1/STM32CubeIDE/plugins/com.st.stm32cube.ide.mcu.externaltools.gnu-tools-for-stm32.12.3.rel1.win32_1.0.200.202406191623/tools/bin/../lib/gcc/arm-none-eabi/12.3.1/../../../../arm-none-eabi/lib/thumb/v7-m/nofp\libc_nano.a(libc_a-nano-svfprintf.o)
 .rodata._printf_i.str1.1
                0x08005637       0x22 C:/ST/STM32CubeIDE_1.10.1/STM32CubeIDE/plugins/com.st.stm32cube.ide.mcu.externaltools.gnu-tools-for-stm32.12.3.rel1.win32_1.0.200.202406191623/tools/bin/../lib/gcc/arm-none-eabi/12.3.1/../../../../arm-none-eabi/lib/thumb/v7-m/nofp\libc_nano.a(libc_a-nano-vfprintf_i.o)
                0x0800565c                        . = ALIGN (0x4)
 *fill*         0x08005659        0x3 

.ARM.extab      0x0800565c        0x0
                0x0800565c                        . = ALIGN (0x4)
 *(.ARM.extab* .gnu.linkonce.armextab.*)
                0x0800565c                        . = ALIGN (0x4)

.ARM            0x0800565c        0x8
                0x0800565c                        . = ALIGN (0x4)
                0x0800565c                        __exidx_start = .
 *(.ARM.exidx*)
 .ARM.exidx     0x0800565c        0x8 C:/ST/STM32CubeIDE_1.10.1/STM32CubeIDE/plugins/com.st.stm32cube.ide.mcu.externaltools.gnu-tools-for-stm32.12.3.rel1.win32_1.0.200.202406191623/tools/bin/../lib/gcc/arm-none-eabi/12.3.1/../../../../arm-none-eabi/lib/thumb/v7-m/nofp\libc_nano.a(libc_a-strlen.o)
                0x08005664                        __exidx_end = .
                0x08005664                        . = ALIGN (0x4)

.rel.dyn        0x08005664        0x0
 .rel.iplt      0x08005664        0x0 C:/ST/STM32CubeIDE_1.10.1/STM32CubeIDE/plugins/com.st.stm32cube.ide.mcu.externaltools.gnu-tools-for-stm32.12.3.rel1.win32_1.0.200.202406191623/tools/bin/../lib/gcc/arm-none-eabi/12.3.1/thumb/v7-m/nofp/crtbegin.o

.preinit_array  0x08005664        0x0
                0x08005664                        . = ALIGN (0x4)
                0x08005664                        PROVIDE (__preinit_array_start = .)
 *(.preinit_array*)
                0x08005664                        PROVIDE (__preinit_array_end = .)
                0x08005664                        . = ALIGN (0x4)

.init_array     0x08005664        0x4
                0x08005664                        . = ALIGN (0x4)
                0x08005664                        PROVIDE (__init_array_start = .)
 *(SORT_BY_NAME(.init_array.*))
 *(.init_array*)
 .init_array    0x08005664        0x4 C:/ST/STM32CubeIDE_1.10.1/STM32CubeIDE/plugins/com.st.stm32cube.ide.mcu.externaltools.gnu-tools-for-stm32.12.3.rel1.win32_1.0.200.202406191623/tools/bin/../lib/gcc/arm-none-eabi/12.3.1/thumb/v7-m/nofp/crtbegin.o
                0x08005668                        PROVIDE (__init_array_end = .)
                0x08005668                        . = ALIGN (0x4)

.fini_array     0x08005668        0x4
                0x08005668                        . = ALIGN (0x4)
                [!provide]                        PROVIDE (__fini_array_start = .)
 *(SORT_BY_NAME(.fini_array.*))
 *(.fini_array*)
 .fini_array    0x08005668        0x4 C:/ST/STM32CubeIDE_1.10.1/STM32CubeIDE/plugins/com.st.stm32cube.ide.mcu.externaltools.gnu-tools-for-stm32.12.3.rel1.win32_1.0.200.202406191623/tools/bin/../lib/gcc/arm-none-eabi/12.3.1/thumb/v7-m/nofp/crtbegin.o
                [!provide]                        PROVIDE (__fini_array_end = .)
                0x0800566c                        . = ALIGN (0x4)
                0x0800566c                        _sidata = LOADADDR (.data)

.data           0x20000000       0x5c load address 0x0800566c
                0x20000000                        . = ALIGN (0x4)
                0x20000000                        _sdata = .
 *(.data)
 *(.data*)
 .data.SystemCoreClock
                0x20000000        0x4 ./Core/Src/system_stm32f1xx.o
                0x20000000                SystemCoreClock
 .data.uwTickPrio
                0x20000004        0x4 ./Drivers/STM32F1xx_HAL_Driver/Src/stm32f1xx_hal.o
                0x20000004                uwTickPrio
 .data.uwTickFreq
                0x20000008        0x1 ./Drivers/STM32F1xx_HAL_Driver/Src/stm32f1xx_hal.o
                0x20000008                uwTickFreq
 *fill*         0x20000009        0x3 
 .data._impure_ptr
                0x2000000c        0x4 C:/ST/STM32CubeIDE_1.10.1/STM32CubeIDE/plugins/com.st.stm32cube.ide.mcu.externaltools.gnu-tools-for-stm32.12.3.rel1.win32_1.0.200.202406191623/tools/bin/../lib/gcc/arm-none-eabi/12.3.1/../../../../arm-none-eabi/lib/thumb/v7-m/nofp\libc_nano.a(libc_a-impure.o)
                0x2000000c                _impure_ptr
 .data._impure_data
                0x20000010       0x4c C:/ST/STM32CubeIDE_1.10.1/STM32CubeIDE/plugins/com.st.stm32cube.ide.mcu.externaltools.gnu-tools-for-stm32.12.3.rel1.win32_1.0.200.202406191623/tools/bin/../lib/gcc/arm-none-eabi/12.3.1/../../../../arm-none-eabi/lib/thumb/v7-m/nofp\libc_nano.a(libc_a-impure.o)
                0x20000010                _impure_data
 *(.RamFunc)
 *(.RamFunc*)
                0x2000005c                        . = ALIGN (0x4)
                0x2000005c                        _edata = .

.igot.plt       0x2000005c        0x0 load address 0x080056c8
 .igot.plt      0x2000005c        0x0 C:/ST/STM32CubeIDE_1.10.1/STM32CubeIDE/plugins/com.st.stm32cube.ide.mcu.externaltools.gnu-tools-for-stm32.12.3.rel1.win32_1.0.200.202406191623/tools/bin/../lib/gcc/arm-none-eabi/12.3.1/thumb/v7-m/nofp/crtbegin.o
                0x2000005c                        . = ALIGN (0x4)

.bss            0x2000005c      0x534 load address 0x080056c8
                0x2000005c                        _sbss = .
                0x2000005c                        __bss_start__ = _sbss
 *(.bss)
 .bss           0x2000005c       0x1c C:/ST/STM32CubeIDE_1.10.1/STM32CubeIDE/plugins/com.st.stm32cube.ide.mcu.externaltools.gnu-tools-for-stm32.12.3.rel1.win32_1.0.200.202406191623/tools/bin/../lib/gcc/arm-none-eabi/12.3.1/thumb/v7-m/nofp/crtbegin.o
 *(.bss*)
 .bss.curr_id   0x20000078        0x4 ./Application/app.o
 .bss.rx_queue  0x2000007c        0x8 ./Application/app.o
 .bss.queue_arr
                0x20000084       0x90 ./Application/app.o
 .bss.tx_hdr    0x20000114       0x18 ./Application/app.o
 .bss.tim1      0x2000012c        0x4 ./Application/app.o
 .bss.tim2      0x20000130        0x4 ./Application/app.o
 .bss.tim3      0x20000134        0x4 ./Application/app.o
 .bss.tim4      0x20000138        0x4 ./Application/app.o
 .bss.msg_14    0x2000013c        0x8 ./Application/app.o
                0x2000013c                msg_14
 .bss.msg_13    0x20000144        0x8 ./Application/app.o
                0x20000144                msg_13
 .bss.hcan      0x2000014c       0x28 ./Core/Src/can.o
                0x2000014c                hcan
 .bss.hiwdg     0x20000174        0xc ./Core/Src/iwdg.o
                0x20000174                hiwdg
 .bss.__sbrk_heap_end
                0x20000180        0x4 ./Core/Src/sysmem.o
 .bss.htim1     0x20000184       0x48 ./Core/Src/tim.o
                0x20000184                htim1
 .bss.htim2     0x200001cc       0x48 ./Core/Src/tim.o
                0x200001cc                htim2
 .bss.htim3     0x20000214       0x48 ./Core/Src/tim.o
                0x20000214                htim3
 .bss.huart1    0x2000025c       0x48 ./Core/Src/usart.o
                0x2000025c                huart1
 .bss.uwTick    0x200002a4        0x4 ./Drivers/STM32F1xx_HAL_Driver/Src/stm32f1xx_hal.o
                0x200002a4                uwTick
 .bss.nextion_instance
                0x200002a8       0xe0 ./Nextion_Wrapper/nextion_wrapper.o
 .bss.batt_volt_label
                0x20000388       0x10 ./Nextion_Wrapper/nextion_wrapper.o
 .bss.batt_curr_label
                0x20000398       0x10 ./Nextion_Wrapper/nextion_wrapper.o
 .bss.batt_soc_label
                0x200003a8       0x10 ./Nextion_Wrapper/nextion_wrapper.o
 .bss.soc_bar_label
                0x200003b8       0x10 ./Nextion_Wrapper/nextion_wrapper.o
 .bss.batt_status_label
                0x200003c8       0x10 ./Nextion_Wrapper/nextion_wrapper.o
 .bss.min_cellv_label
                0x200003d8       0x10 ./Nextion_Wrapper/nextion_wrapper.o
 .bss.min_cellv_id_label
                0x200003e8       0x10 ./Nextion_Wrapper/nextion_wrapper.o
 .bss.max_cellt_label
                0x200003f8       0x10 ./Nextion_Wrapper/nextion_wrapper.o
 .bss.max_cellt_id_label
                0x20000408       0x10 ./Nextion_Wrapper/nextion_wrapper.o
 .bss.min_cellt_label
                0x20000418       0x10 ./Nextion_Wrapper/nextion_wrapper.o
 .bss.min_cellt_id_label
                0x20000428       0x10 ./Nextion_Wrapper/nextion_wrapper.o
 .bss.comm_status_label
                0x20000438       0x10 ./Nextion_Wrapper/nextion_wrapper.o
 .bss.__malloc_sbrk_start
                0x20000448        0x4 C:/ST/STM32CubeIDE_1.10.1/STM32CubeIDE/plugins/com.st.stm32cube.ide.mcu.externaltools.gnu-tools-for-stm32.12.3.rel1.win32_1.0.200.202406191623/tools/bin/../lib/gcc/arm-none-eabi/12.3.1/../../../../arm-none-eabi/lib/thumb/v7-m/nofp\libc_nano.a(libc_a-mallocr.o)
                0x20000448                __malloc_sbrk_start
 .bss.__malloc_free_list
                0x2000044c        0x4 C:/ST/STM32CubeIDE_1.10.1/STM32CubeIDE/plugins/com.st.stm32cube.ide.mcu.externaltools.gnu-tools-for-stm32.12.3.rel1.win32_1.0.200.202406191623/tools/bin/../lib/gcc/arm-none-eabi/12.3.1/../../../../arm-none-eabi/lib/thumb/v7-m/nofp\libc_nano.a(libc_a-mallocr.o)
                0x2000044c                __malloc_free_list
 .bss.__sf      0x20000450      0x138 C:/ST/STM32CubeIDE_1.10.1/STM32CubeIDE/plugins/com.st.stm32cube.ide.mcu.externaltools.gnu-tools-for-stm32.12.3.rel1.win32_1.0.200.202406191623/tools/bin/../lib/gcc/arm-none-eabi/12.3.1/../../../../arm-none-eabi/lib/thumb/v7-m/nofp\libc_nano.a(libc_a-findfp.o)
                0x20000450                __sf
 .bss.errno     0x20000588        0x4 C:/ST/STM32CubeIDE_1.10.1/STM32CubeIDE/plugins/com.st.stm32cube.ide.mcu.externaltools.gnu-tools-for-stm32.12.3.rel1.win32_1.0.200.202406191623/tools/bin/../lib/gcc/arm-none-eabi/12.3.1/../../../../arm-none-eabi/lib/thumb/v7-m/nofp\libc_nano.a(libc_a-reent.o)
                0x20000588                errno
 .bss.__lock___malloc_recursive_mutex
                0x2000058c        0x1 C:/ST/STM32CubeIDE_1.10.1/STM32CubeIDE/plugins/com.st.stm32cube.ide.mcu.externaltools.gnu-tools-for-stm32.12.3.rel1.win32_1.0.200.202406191623/tools/bin/../lib/gcc/arm-none-eabi/12.3.1/../../../../arm-none-eabi/lib/thumb/v7-m/nofp\libc_nano.a(libc_a-lock.o)
                0x2000058c                __lock___malloc_recursive_mutex
 *(COMMON)
                0x20000590                        . = ALIGN (0x4)
 *fill*         0x2000058d        0x3 
                0x20000590                        _ebss = .
                0x20000590                        __bss_end__ = _ebss

._user_heap_stack
                0x20000590      0x600 load address 0x080056c8
                0x20000590                        . = ALIGN (0x8)
                [!provide]                        PROVIDE (end = .)
                0x20000590                        PROVIDE (_end = .)
                0x20000790                        . = (. + _Min_Heap_Size)
 *fill*         0x20000590      0x200 
                0x20000b90                        . = (. + _Min_Stack_Size)
 *fill*         0x20000790      0x400 
                0x20000b90                        . = ALIGN (0x8)

/DISCARD/
 libc.a(*)
 libm.a(*)
 libgcc.a(*)

.ARM.attributes
                0x00000000       0x29
 *(.ARM.attributes)
 .ARM.attributes
                0x00000000       0x1d C:/ST/STM32CubeIDE_1.10.1/STM32CubeIDE/plugins/com.st.stm32cube.ide.mcu.externaltools.gnu-tools-for-stm32.12.3.rel1.win32_1.0.200.202406191623/tools/bin/../lib/gcc/arm-none-eabi/12.3.1/thumb/v7-m/nofp/crti.o
 .ARM.attributes
                0x0000001d       0x2d C:/ST/STM32CubeIDE_1.10.1/STM32CubeIDE/plugins/com.st.stm32cube.ide.mcu.externaltools.gnu-tools-for-stm32.12.3.rel1.win32_1.0.200.202406191623/tools/bin/../lib/gcc/arm-none-eabi/12.3.1/thumb/v7-m/nofp/crtbegin.o
 .ARM.attributes
                0x0000004a       0x2d ./Application/app.o
 .ARM.attributes
                0x00000077       0x2d ./Core/Src/can.o
 .ARM.attributes
                0x000000a4       0x2d ./Core/Src/gpio.o
 .ARM.attributes
                0x000000d1       0x2d ./Core/Src/iwdg.o
 .ARM.attributes
                0x000000fe       0x2d ./Core/Src/main.o
 .ARM.attributes
                0x0000012b       0x2d ./Core/Src/stm32f1xx_hal_msp.o
 .ARM.attributes
                0x00000158       0x2d ./Core/Src/stm32f1xx_it.o
 .ARM.attributes
                0x00000185       0x2d ./Core/Src/sysmem.o
 .ARM.attributes
                0x000001b2       0x2d ./Core/Src/system_stm32f1xx.o
 .ARM.attributes
                0x000001df       0x2d ./Core/Src/tim.o
 .ARM.attributes
                0x0000020c       0x2d ./Core/Src/usart.o
 .ARM.attributes
                0x00000239       0x21 ./Core/Startup/startup_stm32f103c8tx.o
 .ARM.attributes
                0x0000025a       0x2d ./Drivers/STM32F1xx_HAL_Driver/Src/stm32f1xx_hal.o
 .ARM.attributes
                0x00000287       0x2d ./Drivers/STM32F1xx_HAL_Driver/Src/stm32f1xx_hal_can.o
 .ARM.attributes
                0x000002b4       0x2d ./Drivers/STM32F1xx_HAL_Driver/Src/stm32f1xx_hal_cortex.o
 .ARM.attributes
                0x000002e1       0x2d ./Drivers/STM32F1xx_HAL_Driver/Src/stm32f1xx_hal_dma.o
 .ARM.attributes
                0x0000030e       0x2d ./Drivers/STM32F1xx_HAL_Driver/Src/stm32f1xx_hal_gpio.o
 .ARM.attributes
                0x0000033b       0x2d ./Drivers/STM32F1xx_HAL_Driver/Src/stm32f1xx_hal_iwdg.o
 .ARM.attributes
                0x00000368       0x2d ./Drivers/STM32F1xx_HAL_Driver/Src/stm32f1xx_hal_rcc.o
 .ARM.attributes
                0x00000395       0x2d ./Drivers/STM32F1xx_HAL_Driver/Src/stm32f1xx_hal_tim.o
 .ARM.attributes
                0x000003c2       0x2d ./Drivers/STM32F1xx_HAL_Driver/Src/stm32f1xx_hal_tim_ex.o
 .ARM.attributes
                0x000003ef       0x2d ./Drivers/STM32F1xx_HAL_Driver/Src/stm32f1xx_hal_uart.o
 .ARM.attributes
                0x0000041c       0x2d ./Nextion_STM32_Library/Nextion.o
 .ARM.attributes
                0x00000449       0x2d ./Nextion_Wrapper/nextion_wrapper.o
 .ARM.attributes
                0x00000476       0x2d ./Queue/queue.o
 .ARM.attributes
                0x000004a3       0x2d C:/ST/STM32CubeIDE_1.10.1/STM32CubeIDE/plugins/com.st.stm32cube.ide.mcu.externaltools.gnu-tools-for-stm32.12.3.rel1.win32_1.0.200.202406191623/tools/bin/../lib/gcc/arm-none-eabi/12.3.1/../../../../arm-none-eabi/lib/thumb/v7-m/nofp\libc_nano.a(libc_a-malloc.o)
 .ARM.attributes
                0x000004d0       0x2d C:/ST/STM32CubeIDE_1.10.1/STM32CubeIDE/plugins/com.st.stm32cube.ide.mcu.externaltools.gnu-tools-for-stm32.12.3.rel1.win32_1.0.200.202406191623/tools/bin/../lib/gcc/arm-none-eabi/12.3.1/../../../../arm-none-eabi/lib/thumb/v7-m/nofp\libc_nano.a(libc_a-mallocr.o)
 .ARM.attributes
                0x000004fd       0x2d C:/ST/STM32CubeIDE_1.10.1/STM32CubeIDE/plugins/com.st.stm32cube.ide.mcu.externaltools.gnu-tools-for-stm32.12.3.rel1.win32_1.0.200.202406191623/tools/bin/../lib/gcc/arm-none-eabi/12.3.1/../../../../arm-none-eabi/lib/thumb/v7-m/nofp\libc_nano.a(libc_a-mlock.o)
 .ARM.attributes
                0x0000052a       0x2d C:/ST/STM32CubeIDE_1.10.1/STM32CubeIDE/plugins/com.st.stm32cube.ide.mcu.externaltools.gnu-tools-for-stm32.12.3.rel1.win32_1.0.200.202406191623/tools/bin/../lib/gcc/arm-none-eabi/12.3.1/../../../../arm-none-eabi/lib/thumb/v7-m/nofp\libc_nano.a(libc_a-findfp.o)
 .ARM.attributes
                0x00000557       0x2d C:/ST/STM32CubeIDE_1.10.1/STM32CubeIDE/plugins/com.st.stm32cube.ide.mcu.externaltools.gnu-tools-for-stm32.12.3.rel1.win32_1.0.200.202406191623/tools/bin/../lib/gcc/arm-none-eabi/12.3.1/../../../../arm-none-eabi/lib/thumb/v7-m/nofp\libc_nano.a(libc_a-sprintf.o)
 .ARM.attributes
                0x00000584       0x2d C:/ST/STM32CubeIDE_1.10.1/STM32CubeIDE/plugins/com.st.stm32cube.ide.mcu.externaltools.gnu-tools-for-stm32.12.3.rel1.win32_1.0.200.202406191623/tools/bin/../lib/gcc/arm-none-eabi/12.3.1/../../../../arm-none-eabi/lib/thumb/v7-m/nofp\libc_nano.a(libc_a-memset.o)
 .ARM.attributes
                0x000005b1       0x2d C:/ST/STM32CubeIDE_1.10.1/STM32CubeIDE/plugins/com.st.stm32cube.ide.mcu.externaltools.gnu-tools-for-stm32.12.3.rel1.win32_1.0.200.202406191623/tools/bin/../lib/gcc/arm-none-eabi/12.3.1/../../../../arm-none-eabi/lib/thumb/v7-m/nofp\libc_nano.a(libc_a-reent.o)
 .ARM.attributes
                0x000005de       0x2d C:/ST/STM32CubeIDE_1.10.1/STM32CubeIDE/plugins/com.st.stm32cube.ide.mcu.externaltools.gnu-tools-for-stm32.12.3.rel1.win32_1.0.200.202406191623/tools/bin/../lib/gcc/arm-none-eabi/12.3.1/../../../../arm-none-eabi/lib/thumb/v7-m/nofp\libc_nano.a(libc_a-impure.o)
 .ARM.attributes
                0x0000060b       0x2d C:/ST/STM32CubeIDE_1.10.1/STM32CubeIDE/plugins/com.st.stm32cube.ide.mcu.externaltools.gnu-tools-for-stm32.12.3.rel1.win32_1.0.200.202406191623/tools/bin/../lib/gcc/arm-none-eabi/12.3.1/../../../../arm-none-eabi/lib/thumb/v7-m/nofp\libc_nano.a(libc_a-sbrkr.o)
 .ARM.attributes
                0x00000638       0x2d C:/ST/STM32CubeIDE_1.10.1/STM32CubeIDE/plugins/com.st.stm32cube.ide.mcu.externaltools.gnu-tools-for-stm32.12.3.rel1.win32_1.0.200.202406191623/tools/bin/../lib/gcc/arm-none-eabi/12.3.1/../../../../arm-none-eabi/lib/thumb/v7-m/nofp\libc_nano.a(libc_a-errno.o)
 .ARM.attributes
                0x00000665       0x2d C:/ST/STM32CubeIDE_1.10.1/STM32CubeIDE/plugins/com.st.stm32cube.ide.mcu.externaltools.gnu-tools-for-stm32.12.3.rel1.win32_1.0.200.202406191623/tools/bin/../lib/gcc/arm-none-eabi/12.3.1/../../../../arm-none-eabi/lib/thumb/v7-m/nofp\libc_nano.a(libc_a-init.o)
 .ARM.attributes
                0x00000692       0x2d C:/ST/STM32CubeIDE_1.10.1/STM32CubeIDE/plugins/com.st.stm32cube.ide.mcu.externaltools.gnu-tools-for-stm32.12.3.rel1.win32_1.0.200.202406191623/tools/bin/../lib/gcc/arm-none-eabi/12.3.1/../../../../arm-none-eabi/lib/thumb/v7-m/nofp\libc_nano.a(libc_a-lock.o)
 .ARM.attributes
                0x000006bf       0x2d C:/ST/STM32CubeIDE_1.10.1/STM32CubeIDE/plugins/com.st.stm32cube.ide.mcu.externaltools.gnu-tools-for-stm32.12.3.rel1.win32_1.0.200.202406191623/tools/bin/../lib/gcc/arm-none-eabi/12.3.1/../../../../arm-none-eabi/lib/thumb/v7-m/nofp\libc_nano.a(libc_a-strcpy.o)
 .ARM.attributes
                0x000006ec       0x2d C:/ST/STM32CubeIDE_1.10.1/STM32CubeIDE/plugins/com.st.stm32cube.ide.mcu.externaltools.gnu-tools-for-stm32.12.3.rel1.win32_1.0.200.202406191623/tools/bin/../lib/gcc/arm-none-eabi/12.3.1/../../../../arm-none-eabi/lib/thumb/v7-m/nofp\libc_nano.a(libc_a-memcpy-stub.o)
 .ARM.attributes
                0x00000719       0x17 C:/ST/STM32CubeIDE_1.10.1/STM32CubeIDE/plugins/com.st.stm32cube.ide.mcu.externaltools.gnu-tools-for-stm32.12.3.rel1.win32_1.0.200.202406191623/tools/bin/../lib/gcc/arm-none-eabi/12.3.1/../../../../arm-none-eabi/lib/thumb/v7-m/nofp\libc_nano.a(libc_a-strlen.o)
 .ARM.attributes
                0x00000730       0x2d C:/ST/STM32CubeIDE_1.10.1/STM32CubeIDE/plugins/com.st.stm32cube.ide.mcu.externaltools.gnu-tools-for-stm32.12.3.rel1.win32_1.0.200.202406191623/tools/bin/../lib/gcc/arm-none-eabi/12.3.1/../../../../arm-none-eabi/lib/thumb/v7-m/nofp\libc_nano.a(libc_a-freer.o)
 .ARM.attributes
                0x0000075d       0x2d C:/ST/STM32CubeIDE_1.10.1/STM32CubeIDE/plugins/com.st.stm32cube.ide.mcu.externaltools.gnu-tools-for-stm32.12.3.rel1.win32_1.0.200.202406191623/tools/bin/../lib/gcc/arm-none-eabi/12.3.1/../../../../arm-none-eabi/lib/thumb/v7-m/nofp\libc_nano.a(libc_a-nano-svfprintf.o)
 .ARM.attributes
                0x0000078a       0x2d C:/ST/STM32CubeIDE_1.10.1/STM32CubeIDE/plugins/com.st.stm32cube.ide.mcu.externaltools.gnu-tools-for-stm32.12.3.rel1.win32_1.0.200.202406191623/tools/bin/../lib/gcc/arm-none-eabi/12.3.1/../../../../arm-none-eabi/lib/thumb/v7-m/nofp\libc_nano.a(libc_a-nano-vfprintf_i.o)
 .ARM.attributes
                0x000007b7       0x2d C:/ST/STM32CubeIDE_1.10.1/STM32CubeIDE/plugins/com.st.stm32cube.ide.mcu.externaltools.gnu-tools-for-stm32.12.3.rel1.win32_1.0.200.202406191623/tools/bin/../lib/gcc/arm-none-eabi/12.3.1/../../../../arm-none-eabi/lib/thumb/v7-m/nofp\libc_nano.a(libc_a-memmove.o)
 .ARM.attributes
                0x000007e4       0x2d C:/ST/STM32CubeIDE_1.10.1/STM32CubeIDE/plugins/com.st.stm32cube.ide.mcu.externaltools.gnu-tools-for-stm32.12.3.rel1.win32_1.0.200.202406191623/tools/bin/../lib/gcc/arm-none-eabi/12.3.1/../../../../arm-none-eabi/lib/thumb/v7-m/nofp\libc_nano.a(libc_a-memchr-stub.o)
 .ARM.attributes
                0x00000811       0x2d C:/ST/STM32CubeIDE_1.10.1/STM32CubeIDE/plugins/com.st.stm32cube.ide.mcu.externaltools.gnu-tools-for-stm32.12.3.rel1.win32_1.0.200.202406191623/tools/bin/../lib/gcc/arm-none-eabi/12.3.1/../../../../arm-none-eabi/lib/thumb/v7-m/nofp\libc_nano.a(libc_a-reallocr.o)
 .ARM.attributes
                0x0000083e       0x2d C:/ST/STM32CubeIDE_1.10.1/STM32CubeIDE/plugins/com.st.stm32cube.ide.mcu.externaltools.gnu-tools-for-stm32.12.3.rel1.win32_1.0.200.202406191623/tools/bin/../lib/gcc/arm-none-eabi/12.3.1/../../../../arm-none-eabi/lib/thumb/v7-m/nofp\libc_nano.a(libc_a-msizer.o)
 .ARM.attributes
                0x0000086b       0x1d C:/ST/STM32CubeIDE_1.10.1/STM32CubeIDE/plugins/com.st.stm32cube.ide.mcu.externaltools.gnu-tools-for-stm32.12.3.rel1.win32_1.0.200.202406191623/tools/bin/../lib/gcc/arm-none-eabi/12.3.1/thumb/v7-m/nofp/crtn.o
OUTPUT(Daly_Display.elf elf32-littlearm)
LOAD linker stubs
LOAD C:/ST/STM32CubeIDE_1.10.1/STM32CubeIDE/plugins/com.st.stm32cube.ide.mcu.externaltools.gnu-tools-for-stm32.12.3.rel1.win32_1.0.200.202406191623/tools/bin/../lib/gcc/arm-none-eabi/12.3.1/../../../../arm-none-eabi/lib/thumb/v7-m/nofp\libc.a
LOAD C:/ST/STM32CubeIDE_1.10.1/STM32CubeIDE/plugins/com.st.stm32cube.ide.mcu.externaltools.gnu-tools-for-stm32.12.3.rel1.win32_1.0.200.202406191623/tools/bin/../lib/gcc/arm-none-eabi/12.3.1/../../../../arm-none-eabi/lib/thumb/v7-m/nofp\libm.a
LOAD C:/ST/STM32CubeIDE_1.10.1/STM32CubeIDE/plugins/com.st.stm32cube.ide.mcu.externaltools.gnu-tools-for-stm32.12.3.rel1.win32_1.0.200.202406191623/tools/bin/../lib/gcc/arm-none-eabi/12.3.1/thumb/v7-m/nofp\libgcc.a

.debug_info     0x00000000    0x1071b
 .debug_info    0x00000000     0x1411 ./Application/app.o
 .debug_info    0x00001411      0x86c ./Core/Src/can.o
 .debug_info    0x00001c7d      0x2b7 ./Core/Src/gpio.o
 .debug_info    0x00001f34      0x1b9 ./Core/Src/iwdg.o
 .debug_info    0x000020ed      0x2d6 ./Core/Src/main.o
 .debug_info    0x000023c3      0x1f1 ./Core/Src/stm32f1xx_hal_msp.o
 .debug_info    0x000025b4      0xd8b ./Core/Src/stm32f1xx_it.o
 .debug_info    0x0000333f      0x168 ./Core/Src/sysmem.o
 .debug_info    0x000034a7      0x222 ./Core/Src/system_stm32f1xx.o
 .debug_info    0x000036c9      0xa7d ./Core/Src/tim.o
 .debug_info    0x00004146      0x92a ./Core/Src/usart.o
 .debug_info    0x00004a70       0x30 ./Core/Startup/startup_stm32f103c8tx.o
 .debug_info    0x00004aa0      0x704 ./Drivers/STM32F1xx_HAL_Driver/Src/stm32f1xx_hal.o
 .debug_info    0x000051a4      0xf27 ./Drivers/STM32F1xx_HAL_Driver/Src/stm32f1xx_hal_can.o
 .debug_info    0x000060cb      0xa87 ./Drivers/STM32F1xx_HAL_Driver/Src/stm32f1xx_hal_cortex.o
 .debug_info    0x00006b52      0x6d2 ./Drivers/STM32F1xx_HAL_Driver/Src/stm32f1xx_hal_dma.o
 .debug_info    0x00007224      0x5ab ./Drivers/STM32F1xx_HAL_Driver/Src/stm32f1xx_hal_gpio.o
 .debug_info    0x000077cf      0x1d9 ./Drivers/STM32F1xx_HAL_Driver/Src/stm32f1xx_hal_iwdg.o
 .debug_info    0x000079a8      0x7d5 ./Drivers/STM32F1xx_HAL_Driver/Src/stm32f1xx_hal_rcc.o
 .debug_info    0x0000817d     0x293b ./Drivers/STM32F1xx_HAL_Driver/Src/stm32f1xx_hal_tim.o
 .debug_info    0x0000aab8     0x149b ./Drivers/STM32F1xx_HAL_Driver/Src/stm32f1xx_hal_tim_ex.o
 .debug_info    0x0000bf53     0x2fa8 ./Drivers/STM32F1xx_HAL_Driver/Src/stm32f1xx_hal_uart.o
 .debug_info    0x0000eefb      0xb4c ./Nextion_STM32_Library/Nextion.o
 .debug_info    0x0000fa47      0xa0e ./Nextion_Wrapper/nextion_wrapper.o
 .debug_info    0x00010455      0x2c6 ./Queue/queue.o

.debug_abbrev   0x00000000     0x2ecd
 .debug_abbrev  0x00000000      0x37b ./Application/app.o
 .debug_abbrev  0x0000037b      0x243 ./Core/Src/can.o
 .debug_abbrev  0x000005be      0x13f ./Core/Src/gpio.o
 .debug_abbrev  0x000006fd      0x128 ./Core/Src/iwdg.o
 .debug_abbrev  0x00000825      0x172 ./Core/Src/main.o
 .debug_abbrev  0x00000997       0xdb ./Core/Src/stm32f1xx_hal_msp.o
 .debug_abbrev  0x00000a72      0x20d ./Core/Src/stm32f1xx_it.o
 .debug_abbrev  0x00000c7f       0xbc ./Core/Src/sysmem.o
 .debug_abbrev  0x00000d3b      0x13f ./Core/Src/system_stm32f1xx.o
 .debug_abbrev  0x00000e7a      0x21d ./Core/Src/tim.o
 .debug_abbrev  0x00001097      0x205 ./Core/Src/usart.o
 .debug_abbrev  0x0000129c       0x24 ./Core/Startup/startup_stm32f103c8tx.o
 .debug_abbrev  0x000012c0      0x201 ./Drivers/STM32F1xx_HAL_Driver/Src/stm32f1xx_hal.o
 .debug_abbrev  0x000014c1      0x22d ./Drivers/STM32F1xx_HAL_Driver/Src/stm32f1xx_hal_can.o
 .debug_abbrev  0x000016ee      0x2f8 ./Drivers/STM32F1xx_HAL_Driver/Src/stm32f1xx_hal_cortex.o
 .debug_abbrev  0x000019e6      0x20b ./Drivers/STM32F1xx_HAL_Driver/Src/stm32f1xx_hal_dma.o
 .debug_abbrev  0x00001bf1      0x1ca ./Drivers/STM32F1xx_HAL_Driver/Src/stm32f1xx_hal_gpio.o
 .debug_abbrev  0x00001dbb      0x12c ./Drivers/STM32F1xx_HAL_Driver/Src/stm32f1xx_hal_iwdg.o
 .debug_abbrev  0x00001ee7      0x2b3 ./Drivers/STM32F1xx_HAL_Driver/Src/stm32f1xx_hal_rcc.o
 .debug_abbrev  0x0000219a      0x277 ./Drivers/STM32F1xx_HAL_Driver/Src/stm32f1xx_hal_tim.o
 .debug_abbrev  0x00002411      0x282 ./Drivers/STM32F1xx_HAL_Driver/Src/stm32f1xx_hal_tim_ex.o
 .debug_abbrev  0x00002693      0x2f8 ./Drivers/STM32F1xx_HAL_Driver/Src/stm32f1xx_hal_uart.o
 .debug_abbrev  0x0000298b      0x221 ./Nextion_STM32_Library/Nextion.o
 .debug_abbrev  0x00002bac      0x1e6 ./Nextion_Wrapper/nextion_wrapper.o
 .debug_abbrev  0x00002d92      0x13b ./Queue/queue.o

.debug_aranges  0x00000000     0x1020
 .debug_aranges
                0x00000000       0x98 ./Application/app.o
 .debug_aranges
                0x00000098       0x30 ./Core/Src/can.o
 .debug_aranges
                0x000000c8       0x20 ./Core/Src/gpio.o
 .debug_aranges
                0x000000e8       0x20 ./Core/Src/iwdg.o
 .debug_aranges
                0x00000108       0x30 ./Core/Src/main.o
 .debug_aranges
                0x00000138       0x20 ./Core/Src/stm32f1xx_hal_msp.o
 .debug_aranges
                0x00000158       0xa0 ./Core/Src/stm32f1xx_it.o
 .debug_aranges
                0x000001f8       0x20 ./Core/Src/sysmem.o
 .debug_aranges
                0x00000218       0x28 ./Core/Src/system_stm32f1xx.o
 .debug_aranges
                0x00000240       0x40 ./Core/Src/tim.o
 .debug_aranges
                0x00000280       0x30 ./Core/Src/usart.o
 .debug_aranges
                0x000002b0       0x28 ./Core/Startup/startup_stm32f103c8tx.o
 .debug_aranges
                0x000002d8       0xe0 ./Drivers/STM32F1xx_HAL_Driver/Src/stm32f1xx_hal.o
 .debug_aranges
                0x000003b8      0x138 ./Drivers/STM32F1xx_HAL_Driver/Src/stm32f1xx_hal_can.o
 .debug_aranges
                0x000004f0      0x100 ./Drivers/STM32F1xx_HAL_Driver/Src/stm32f1xx_hal_cortex.o
 .debug_aranges
                0x000005f0       0x80 ./Drivers/STM32F1xx_HAL_Driver/Src/stm32f1xx_hal_dma.o
 .debug_aranges
                0x00000670       0x58 ./Drivers/STM32F1xx_HAL_Driver/Src/stm32f1xx_hal_gpio.o
 .debug_aranges
                0x000006c8       0x28 ./Drivers/STM32F1xx_HAL_Driver/Src/stm32f1xx_hal_iwdg.o
 .debug_aranges
                0x000006f0       0x90 ./Drivers/STM32F1xx_HAL_Driver/Src/stm32f1xx_hal_rcc.o
 .debug_aranges
                0x00000780      0x3d0 ./Drivers/STM32F1xx_HAL_Driver/Src/stm32f1xx_hal_tim.o
 .debug_aranges
                0x00000b50      0x168 ./Drivers/STM32F1xx_HAL_Driver/Src/stm32f1xx_hal_tim_ex.o
 .debug_aranges
                0x00000cb8      0x208 ./Drivers/STM32F1xx_HAL_Driver/Src/stm32f1xx_hal_uart.o
 .debug_aranges
                0x00000ec0       0x70 ./Nextion_STM32_Library/Nextion.o
 .debug_aranges
                0x00000f30       0xa8 ./Nextion_Wrapper/nextion_wrapper.o
 .debug_aranges
                0x00000fd8       0x48 ./Queue/queue.o

.debug_rnglists
                0x00000000      0xc5f
 .debug_rnglists
                0x00000000       0x71 ./Application/app.o
 .debug_rnglists
                0x00000071       0x20 ./Core/Src/can.o
 .debug_rnglists
                0x00000091       0x14 ./Core/Src/gpio.o
 .debug_rnglists
                0x000000a5       0x13 ./Core/Src/iwdg.o
 .debug_rnglists
                0x000000b8       0x20 ./Core/Src/main.o
 .debug_rnglists
                0x000000d8       0x13 ./Core/Src/stm32f1xx_hal_msp.o
 .debug_rnglists
                0x000000eb       0x73 ./Core/Src/stm32f1xx_it.o
 .debug_rnglists
                0x0000015e       0x13 ./Core/Src/sysmem.o
 .debug_rnglists
                0x00000171       0x1a ./Core/Src/system_stm32f1xx.o
 .debug_rnglists
                0x0000018b       0x2f ./Core/Src/tim.o
 .debug_rnglists
                0x000001ba       0x20 ./Core/Src/usart.o
 .debug_rnglists
                0x000001da       0x19 ./Core/Startup/startup_stm32f103c8tx.o
 .debug_rnglists
                0x000001f3       0xa3 ./Drivers/STM32F1xx_HAL_Driver/Src/stm32f1xx_hal.o
 .debug_rnglists
                0x00000296       0xee ./Drivers/STM32F1xx_HAL_Driver/Src/stm32f1xx_hal_can.o
 .debug_rnglists
                0x00000384       0xbb ./Drivers/STM32F1xx_HAL_Driver/Src/stm32f1xx_hal_cortex.o
 .debug_rnglists
                0x0000043f       0x64 ./Drivers/STM32F1xx_HAL_Driver/Src/stm32f1xx_hal_dma.o
 .debug_rnglists
                0x000004a3       0x3f ./Drivers/STM32F1xx_HAL_Driver/Src/stm32f1xx_hal_gpio.o
 .debug_rnglists
                0x000004e2       0x1a ./Drivers/STM32F1xx_HAL_Driver/Src/stm32f1xx_hal_iwdg.o
 .debug_rnglists
                0x000004fc       0x6c ./Drivers/STM32F1xx_HAL_Driver/Src/stm32f1xx_hal_rcc.o
 .debug_rnglists
                0x00000568      0x31a ./Drivers/STM32F1xx_HAL_Driver/Src/stm32f1xx_hal_tim.o
 .debug_rnglists
                0x00000882      0x125 ./Drivers/STM32F1xx_HAL_Driver/Src/stm32f1xx_hal_tim_ex.o
 .debug_rnglists
                0x000009a7      0x1bc ./Drivers/STM32F1xx_HAL_Driver/Src/stm32f1xx_hal_uart.o
 .debug_rnglists
                0x00000b63       0x51 ./Nextion_STM32_Library/Nextion.o
 .debug_rnglists
                0x00000bb4       0x7a ./Nextion_Wrapper/nextion_wrapper.o
 .debug_rnglists
                0x00000c2e       0x31 ./Queue/queue.o

.debug_macro    0x00000000    0x1993e
 .debug_macro   0x00000000      0x3a1 ./Application/app.o
 .debug_macro   0x000003a1      0xaa8 ./Application/app.o
 .debug_macro   0x00000e49       0x22 ./Application/app.o
 .debug_macro   0x00000e6b       0x8e ./Application/app.o
 .debug_macro   0x00000ef9       0x51 ./Application/app.o
 .debug_macro   0x00000f4a      0x103 ./Application/app.o
 .debug_macro   0x0000104d       0x6a ./Application/app.o
 .debug_macro   0x000010b7      0x1df ./Application/app.o
 .debug_macro   0x00001296       0x61 ./Application/app.o
 .debug_macro   0x000012f7       0x24 ./Application/app.o
 .debug_macro   0x0000131b       0x43 ./Application/app.o
 .debug_macro   0x0000135e       0x34 ./Application/app.o
 .debug_macro   0x00001392      0x189 ./Application/app.o
 .debug_macro   0x0000151b       0x16 ./Application/app.o
 .debug_macro   0x00001531       0x43 ./Application/app.o
 .debug_macro   0x00001574       0x34 ./Application/app.o
 .debug_macro   0x000015a8       0x10 ./Application/app.o
 .debug_macro   0x000015b8       0x58 ./Application/app.o
 .debug_macro   0x00001610       0x8e ./Application/app.o
 .debug_macro   0x0000169e       0x1c ./Application/app.o
 .debug_macro   0x000016ba      0x177 ./Application/app.o
 .debug_macro   0x00001831      0x369 ./Application/app.o
 .debug_macro   0x00001b9a       0x10 ./Application/app.o
 .debug_macro   0x00001baa       0x35 ./Application/app.o
 .debug_macro   0x00001bdf       0x20 ./Application/app.o
 .debug_macro   0x00001bff      0x227 ./Application/app.o
 .debug_macro   0x00001e26       0x2e ./Application/app.o
 .debug_macro   0x00001e54       0x22 ./Application/app.o
 .debug_macro   0x00001e76       0x1c ./Application/app.o
 .debug_macro   0x00001e92       0x22 ./Application/app.o
 .debug_macro   0x00001eb4       0xbd ./Application/app.o
 .debug_macro   0x00001f71      0xd23 ./Application/app.o
 .debug_macro   0x00002c94     0xe09e ./Application/app.o
 .debug_macro   0x00010d32       0x6d ./Application/app.o
 .debug_macro   0x00010d9f     0x348d ./Application/app.o
 .debug_macro   0x0001422c       0x56 ./Application/app.o
 .debug_macro   0x00014282      0x5bc ./Application/app.o
 .debug_macro   0x0001483e      0x289 ./Application/app.o
 .debug_macro   0x00014ac7      0x1cb ./Application/app.o
 .debug_macro   0x00014c92      0x114 ./Application/app.o
 .debug_macro   0x00014da6      0x1b2 ./Application/app.o
 .debug_macro   0x00014f58       0x27 ./Application/app.o
 .debug_macro   0x00014f7f      0x136 ./Application/app.o
 .debug_macro   0x000150b5      0x1bc ./Application/app.o
 .debug_macro   0x00015271       0x34 ./Application/app.o
 .debug_macro   0x000152a5       0x3c ./Application/app.o
 .debug_macro   0x000152e1      0x408 ./Application/app.o
 .debug_macro   0x000156e9       0x57 ./Application/app.o
 .debug_macro   0x00015740       0x87 ./Application/app.o
 .debug_macro   0x000157c7      0x240 ./Application/app.o
 .debug_macro   0x00015a07       0x78 ./Application/app.o
 .debug_macro   0x00015a7f      0x140 ./Application/app.o
 .debug_macro   0x00015bbf      0x8ed ./Application/app.o
 .debug_macro   0x000164ac      0x28e ./Application/app.o
 .debug_macro   0x0001673a       0x83 ./Application/app.o
 .debug_macro   0x000167bd       0x10 ./Application/app.o
 .debug_macro   0x000167cd       0x16 ./Application/app.o
 .debug_macro   0x000167e3       0x16 ./Application/app.o
 .debug_macro   0x000167f9       0x29 ./Application/app.o
 .debug_macro   0x00016822       0x1c ./Application/app.o
 .debug_macro   0x0001683e       0x10 ./Application/app.o
 .debug_macro   0x0001684e       0x1c ./Application/app.o
 .debug_macro   0x0001686a       0x16 ./Application/app.o
 .debug_macro   0x00016880      0x146 ./Application/app.o
 .debug_macro   0x000169c6       0x8e ./Application/app.o
 .debug_macro   0x00016a54       0x10 ./Application/app.o
 .debug_macro   0x00016a64       0x22 ./Application/app.o
 .debug_macro   0x00016a86      0x1d0 ./Core/Src/can.o
 .debug_macro   0x00016c56       0x5c ./Core/Src/can.o
 .debug_macro   0x00016cb2      0x1d0 ./Core/Src/gpio.o
 .debug_macro   0x00016e82      0x1d0 ./Core/Src/iwdg.o
 .debug_macro   0x00017052      0x367 ./Core/Src/main.o
 .debug_macro   0x000173b9      0x1c6 ./Core/Src/stm32f1xx_hal_msp.o
 .debug_macro   0x0001757f      0x1d0 ./Core/Src/stm32f1xx_it.o
 .debug_macro   0x0001774f       0xff ./Core/Src/sysmem.o
 .debug_macro   0x0001784e      0x23c ./Core/Src/sysmem.o
 .debug_macro   0x00017a8a      0x1b7 ./Core/Src/system_stm32f1xx.o
 .debug_macro   0x00017c41      0x1d0 ./Core/Src/tim.o
 .debug_macro   0x00017e11      0x1d0 ./Core/Src/usart.o
 .debug_macro   0x00017fe1      0x1db ./Drivers/STM32F1xx_HAL_Driver/Src/stm32f1xx_hal.o
 .debug_macro   0x000181bc      0x1bf ./Drivers/STM32F1xx_HAL_Driver/Src/stm32f1xx_hal_can.o
 .debug_macro   0x0001837b      0x1b7 ./Drivers/STM32F1xx_HAL_Driver/Src/stm32f1xx_hal_cortex.o
 .debug_macro   0x00018532      0x1b7 ./Drivers/STM32F1xx_HAL_Driver/Src/stm32f1xx_hal_dma.o
 .debug_macro   0x000186e9      0x222 ./Drivers/STM32F1xx_HAL_Driver/Src/stm32f1xx_hal_gpio.o
 .debug_macro   0x0001890b      0x1c3 ./Drivers/STM32F1xx_HAL_Driver/Src/stm32f1xx_hal_iwdg.o
 .debug_macro   0x00018ace      0x1c9 ./Drivers/STM32F1xx_HAL_Driver/Src/stm32f1xx_hal_rcc.o
 .debug_macro   0x00018c97      0x1b8 ./Drivers/STM32F1xx_HAL_Driver/Src/stm32f1xx_hal_tim.o
 .debug_macro   0x00018e4f      0x1b7 ./Drivers/STM32F1xx_HAL_Driver/Src/stm32f1xx_hal_tim_ex.o
 .debug_macro   0x00019006      0x1b8 ./Drivers/STM32F1xx_HAL_Driver/Src/stm32f1xx_hal_uart.o
 .debug_macro   0x000191be      0x305 ./Nextion_STM32_Library/Nextion.o
 .debug_macro   0x000194c3       0x16 ./Nextion_STM32_Library/Nextion.o
 .debug_macro   0x000194d9      0x31d ./Nextion_Wrapper/nextion_wrapper.o
 .debug_macro   0x000197f6      0x148 ./Queue/queue.o

.debug_line     0x00000000    0x14576
 .debug_line    0x00000000      0xcbb ./Application/app.o
 .debug_line    0x00000cbb      0x7b3 ./Core/Src/can.o
 .debug_line    0x0000146e      0x742 ./Core/Src/gpio.o
 .debug_line    0x00001bb0      0x740 ./Core/Src/iwdg.o
 .debug_line    0x000022f0      0xa5f ./Core/Src/main.o
 .debug_line    0x00002d4f      0x734 ./Core/Src/stm32f1xx_hal_msp.o
 .debug_line    0x00003483      0x8b6 ./Core/Src/stm32f1xx_it.o
 .debug_line    0x00003d39      0x583 ./Core/Src/sysmem.o
 .debug_line    0x000042bc      0x7b2 ./Core/Src/system_stm32f1xx.o
 .debug_line    0x00004a6e      0x88a ./Core/Src/tim.o
 .debug_line    0x000052f8      0x7a6 ./Core/Src/usart.o
 .debug_line    0x00005a9e       0x78 ./Core/Startup/startup_stm32f103c8tx.o
 .debug_line    0x00005b16      0x9df ./Drivers/STM32F1xx_HAL_Driver/Src/stm32f1xx_hal.o
 .debug_line    0x000064f5     0x11c4 ./Drivers/STM32F1xx_HAL_Driver/Src/stm32f1xx_hal_can.o
 .debug_line    0x000076b9      0xbcb ./Drivers/STM32F1xx_HAL_Driver/Src/stm32f1xx_hal_cortex.o
 .debug_line    0x00008284      0xe38 ./Drivers/STM32F1xx_HAL_Driver/Src/stm32f1xx_hal_dma.o
 .debug_line    0x000090bc      0xa78 ./Drivers/STM32F1xx_HAL_Driver/Src/stm32f1xx_hal_gpio.o
 .debug_line    0x00009b34      0x7aa ./Drivers/STM32F1xx_HAL_Driver/Src/stm32f1xx_hal_iwdg.o
 .debug_line    0x0000a2de      0xde8 ./Drivers/STM32F1xx_HAL_Driver/Src/stm32f1xx_hal_rcc.o
 .debug_line    0x0000b0c6     0x34e9 ./Drivers/STM32F1xx_HAL_Driver/Src/stm32f1xx_hal_tim.o
 .debug_line    0x0000e5af     0x193e ./Drivers/STM32F1xx_HAL_Driver/Src/stm32f1xx_hal_tim_ex.o
 .debug_line    0x0000feed     0x2928 ./Drivers/STM32F1xx_HAL_Driver/Src/stm32f1xx_hal_uart.o
 .debug_line    0x00012815      0xbe8 ./Nextion_STM32_Library/Nextion.o
 .debug_line    0x000133fd      0xaef ./Nextion_Wrapper/nextion_wrapper.o
 .debug_line    0x00013eec      0x68a ./Queue/queue.o

.debug_str      0x00000000    0x8dfb5
 .debug_str     0x00000000    0x8a2ba ./Application/app.o
                              0x8a72d (size before relaxing)
 .debug_str     0x0008a2ba      0x391 ./Core/Src/can.o
                              0x86339 (size before relaxing)
 .debug_str     0x0008a64b       0x2c ./Core/Src/gpio.o
                              0x85d34 (size before relaxing)
 .debug_str     0x0008a677       0x2e ./Core/Src/iwdg.o
                              0x85cf2 (size before relaxing)
 .debug_str     0x0008a6a5      0x1c0 ./Core/Src/main.o
                              0x89a1a (size before relaxing)
 .debug_str     0x0008a865       0x50 ./Core/Src/stm32f1xx_hal_msp.o
                              0x85cbc (size before relaxing)
 .debug_str     0x0008a8b5      0x342 ./Core/Src/stm32f1xx_it.o
                              0x86723 (size before relaxing)
 .debug_str     0x0008abf7      0x4dc ./Core/Src/sysmem.o
                               0x6057 (size before relaxing)
 .debug_str     0x0008b0d3       0x7e ./Core/Src/system_stm32f1xx.o
                              0x85cb2 (size before relaxing)
 .debug_str     0x0008b151      0x13c ./Core/Src/tim.o
                              0x86603 (size before relaxing)
 .debug_str     0x0008b28d       0x51 ./Core/Src/usart.o
                              0x86497 (size before relaxing)
 .debug_str     0x0008b2de       0x44 ./Core/Startup/startup_stm32f103c8tx.o
                                 0x62 (size before relaxing)
 .debug_str     0x0008b322      0x382 ./Drivers/STM32F1xx_HAL_Driver/Src/stm32f1xx_hal.o
                              0x863e5 (size before relaxing)
 .debug_str     0x0008b6a4      0x350 ./Drivers/STM32F1xx_HAL_Driver/Src/stm32f1xx_hal_can.o
                              0x864b2 (size before relaxing)
 .debug_str     0x0008b9f4      0x26c ./Drivers/STM32F1xx_HAL_Driver/Src/stm32f1xx_hal_cortex.o
                              0x86331 (size before relaxing)
 .debug_str     0x0008bc60      0x235 ./Drivers/STM32F1xx_HAL_Driver/Src/stm32f1xx_hal_dma.o
                              0x8605b (size before relaxing)
 .debug_str     0x0008be95      0x2ce ./Drivers/STM32F1xx_HAL_Driver/Src/stm32f1xx_hal_gpio.o
                              0x86038 (size before relaxing)
 .debug_str     0x0008c163       0xd4 ./Drivers/STM32F1xx_HAL_Driver/Src/stm32f1xx_hal_iwdg.o
                              0x85d74 (size before relaxing)
 .debug_str     0x0008c237      0x229 ./Drivers/STM32F1xx_HAL_Driver/Src/stm32f1xx_hal_rcc.o
                              0x860e1 (size before relaxing)
 .debug_str     0x0008c460      0xd8e ./Drivers/STM32F1xx_HAL_Driver/Src/stm32f1xx_hal_tim.o
                              0x870d3 (size before relaxing)
 .debug_str     0x0008d1ee      0x493 ./Drivers/STM32F1xx_HAL_Driver/Src/stm32f1xx_hal_tim_ex.o
                              0x868ef (size before relaxing)
 .debug_str     0x0008d681      0x602 ./Drivers/STM32F1xx_HAL_Driver/Src/stm32f1xx_hal_uart.o
                              0x86752 (size before relaxing)
 .debug_str     0x0008dc83      0x221 ./Nextion_STM32_Library/Nextion.o
                              0x89df4 (size before relaxing)
 .debug_str     0x0008dea4       0xc9 ./Nextion_Wrapper/nextion_wrapper.o
                              0x89ee6 (size before relaxing)
 .debug_str     0x0008df6d       0x48 ./Queue/queue.o
                               0x72bd (size before relaxing)

.comment        0x00000000       0x43
 .comment       0x00000000       0x43 ./Application/app.o
                                 0x44 (size before relaxing)
 .comment       0x00000043       0x44 ./Core/Src/can.o
 .comment       0x00000043       0x44 ./Core/Src/gpio.o
 .comment       0x00000043       0x44 ./Core/Src/iwdg.o
 .comment       0x00000043       0x44 ./Core/Src/main.o
 .comment       0x00000043       0x44 ./Core/Src/stm32f1xx_hal_msp.o
 .comment       0x00000043       0x44 ./Core/Src/stm32f1xx_it.o
 .comment       0x00000043       0x44 ./Core/Src/sysmem.o
 .comment       0x00000043       0x44 ./Core/Src/system_stm32f1xx.o
 .comment       0x00000043       0x44 ./Core/Src/tim.o
 .comment       0x00000043       0x44 ./Core/Src/usart.o
 .comment       0x00000043       0x44 ./Drivers/STM32F1xx_HAL_Driver/Src/stm32f1xx_hal.o
 .comment       0x00000043       0x44 ./Drivers/STM32F1xx_HAL_Driver/Src/stm32f1xx_hal_can.o
 .comment       0x00000043       0x44 ./Drivers/STM32F1xx_HAL_Driver/Src/stm32f1xx_hal_cortex.o
 .comment       0x00000043       0x44 ./Drivers/STM32F1xx_HAL_Driver/Src/stm32f1xx_hal_dma.o
 .comment       0x00000043       0x44 ./Drivers/STM32F1xx_HAL_Driver/Src/stm32f1xx_hal_gpio.o
 .comment       0x00000043       0x44 ./Drivers/STM32F1xx_HAL_Driver/Src/stm32f1xx_hal_iwdg.o
 .comment       0x00000043       0x44 ./Drivers/STM32F1xx_HAL_Driver/Src/stm32f1xx_hal_rcc.o
 .comment       0x00000043       0x44 ./Drivers/STM32F1xx_HAL_Driver/Src/stm32f1xx_hal_tim.o
 .comment       0x00000043       0x44 ./Drivers/STM32F1xx_HAL_Driver/Src/stm32f1xx_hal_tim_ex.o
 .comment       0x00000043       0x44 ./Drivers/STM32F1xx_HAL_Driver/Src/stm32f1xx_hal_uart.o
 .comment       0x00000043       0x44 ./Nextion_STM32_Library/Nextion.o
 .comment       0x00000043       0x44 ./Nextion_Wrapper/nextion_wrapper.o
 .comment       0x00000043       0x44 ./Queue/queue.o

.debug_frame    0x00000000     0x4650
 .debug_frame   0x00000000      0x230 ./Application/app.o
 .debug_frame   0x00000230       0x74 ./Core/Src/can.o
 .debug_frame   0x000002a4       0x34 ./Core/Src/gpio.o
 .debug_frame   0x000002d8       0x2c ./Core/Src/iwdg.o
 .debug_frame   0x00000304       0x68 ./Core/Src/main.o
 .debug_frame   0x0000036c       0x38 ./Core/Src/stm32f1xx_hal_msp.o
 .debug_frame   0x000003a4      0x1e4 ./Core/Src/stm32f1xx_it.o
 .debug_frame   0x00000588       0x34 ./Core/Src/sysmem.o
 .debug_frame   0x000005bc       0x58 ./Core/Src/system_stm32f1xx.o
 .debug_frame   0x00000614       0xc4 ./Core/Src/tim.o
 .debug_frame   0x000006d8       0x74 ./Core/Src/usart.o
 .debug_frame   0x0000074c      0x334 ./Drivers/STM32F1xx_HAL_Driver/Src/stm32f1xx_hal.o
 .debug_frame   0x00000a80      0x5a0 ./Drivers/STM32F1xx_HAL_Driver/Src/stm32f1xx_hal_can.o
 .debug_frame   0x00001020      0x428 ./Drivers/STM32F1xx_HAL_Driver/Src/stm32f1xx_hal_cortex.o
 .debug_frame   0x00001448      0x208 ./Drivers/STM32F1xx_HAL_Driver/Src/stm32f1xx_hal_dma.o
 .debug_frame   0x00001650      0x14c ./Drivers/STM32F1xx_HAL_Driver/Src/stm32f1xx_hal_gpio.o
 .debug_frame   0x0000179c       0x5c ./Drivers/STM32F1xx_HAL_Driver/Src/stm32f1xx_hal_iwdg.o
 .debug_frame   0x000017f8      0x218 ./Drivers/STM32F1xx_HAL_Driver/Src/stm32f1xx_hal_rcc.o
 .debug_frame   0x00001a10     0x11bc ./Drivers/STM32F1xx_HAL_Driver/Src/stm32f1xx_hal_tim.o
 .debug_frame   0x00002bcc      0x638 ./Drivers/STM32F1xx_HAL_Driver/Src/stm32f1xx_hal_tim_ex.o
 .debug_frame   0x00003204      0x944 ./Drivers/STM32F1xx_HAL_Driver/Src/stm32f1xx_hal_uart.o
 .debug_frame   0x00003b48      0x1a0 ./Nextion_STM32_Library/Nextion.o
 .debug_frame   0x00003ce8      0x278 ./Nextion_Wrapper/nextion_wrapper.o
 .debug_frame   0x00003f60       0xf4 ./Queue/queue.o
 .debug_frame   0x00004054       0x30 C:/ST/STM32CubeIDE_1.10.1/STM32CubeIDE/plugins/com.st.stm32cube.ide.mcu.externaltools.gnu-tools-for-stm32.12.3.rel1.win32_1.0.200.202406191623/tools/bin/../lib/gcc/arm-none-eabi/12.3.1/../../../../arm-none-eabi/lib/thumb/v7-m/nofp\libc_nano.a(libc_a-malloc.o)
 .debug_frame   0x00004084       0x50 C:/ST/STM32CubeIDE_1.10.1/STM32CubeIDE/plugins/com.st.stm32cube.ide.mcu.externaltools.gnu-tools-for-stm32.12.3.rel1.win32_1.0.200.202406191623/tools/bin/../lib/gcc/arm-none-eabi/12.3.1/../../../../arm-none-eabi/lib/thumb/v7-m/nofp\libc_nano.a(libc_a-mallocr.o)
 .debug_frame   0x000040d4       0x30 C:/ST/STM32CubeIDE_1.10.1/STM32CubeIDE/plugins/com.st.stm32cube.ide.mcu.externaltools.gnu-tools-for-stm32.12.3.rel1.win32_1.0.200.202406191623/tools/bin/../lib/gcc/arm-none-eabi/12.3.1/../../../../arm-none-eabi/lib/thumb/v7-m/nofp\libc_nano.a(libc_a-mlock.o)
 .debug_frame   0x00004104      0x144 C:/ST/STM32CubeIDE_1.10.1/STM32CubeIDE/plugins/com.st.stm32cube.ide.mcu.externaltools.gnu-tools-for-stm32.12.3.rel1.win32_1.0.200.202406191623/tools/bin/../lib/gcc/arm-none-eabi/12.3.1/../../../../arm-none-eabi/lib/thumb/v7-m/nofp\libc_nano.a(libc_a-findfp.o)
 .debug_frame   0x00004248       0x6c C:/ST/STM32CubeIDE_1.10.1/STM32CubeIDE/plugins/com.st.stm32cube.ide.mcu.externaltools.gnu-tools-for-stm32.12.3.rel1.win32_1.0.200.202406191623/tools/bin/../lib/gcc/arm-none-eabi/12.3.1/../../../../arm-none-eabi/lib/thumb/v7-m/nofp\libc_nano.a(libc_a-sprintf.o)
 .debug_frame   0x000042b4       0x20 C:/ST/STM32CubeIDE_1.10.1/STM32CubeIDE/plugins/com.st.stm32cube.ide.mcu.externaltools.gnu-tools-for-stm32.12.3.rel1.win32_1.0.200.202406191623/tools/bin/../lib/gcc/arm-none-eabi/12.3.1/../../../../arm-none-eabi/lib/thumb/v7-m/nofp\libc_nano.a(libc_a-memset.o)
 .debug_frame   0x000042d4       0x38 C:/ST/STM32CubeIDE_1.10.1/STM32CubeIDE/plugins/com.st.stm32cube.ide.mcu.externaltools.gnu-tools-for-stm32.12.3.rel1.win32_1.0.200.202406191623/tools/bin/../lib/gcc/arm-none-eabi/12.3.1/../../../../arm-none-eabi/lib/thumb/v7-m/nofp\libc_nano.a(libc_a-reent.o)
 .debug_frame   0x0000430c       0x2c C:/ST/STM32CubeIDE_1.10.1/STM32CubeIDE/plugins/com.st.stm32cube.ide.mcu.externaltools.gnu-tools-for-stm32.12.3.rel1.win32_1.0.200.202406191623/tools/bin/../lib/gcc/arm-none-eabi/12.3.1/../../../../arm-none-eabi/lib/thumb/v7-m/nofp\libc_nano.a(libc_a-sbrkr.o)
 .debug_frame   0x00004338       0x20 C:/ST/STM32CubeIDE_1.10.1/STM32CubeIDE/plugins/com.st.stm32cube.ide.mcu.externaltools.gnu-tools-for-stm32.12.3.rel1.win32_1.0.200.202406191623/tools/bin/../lib/gcc/arm-none-eabi/12.3.1/../../../../arm-none-eabi/lib/thumb/v7-m/nofp\libc_nano.a(libc_a-errno.o)
 .debug_frame   0x00004358       0x2c C:/ST/STM32CubeIDE_1.10.1/STM32CubeIDE/plugins/com.st.stm32cube.ide.mcu.externaltools.gnu-tools-for-stm32.12.3.rel1.win32_1.0.200.202406191623/tools/bin/../lib/gcc/arm-none-eabi/12.3.1/../../../../arm-none-eabi/lib/thumb/v7-m/nofp\libc_nano.a(libc_a-init.o)
 .debug_frame   0x00004384       0xb0 C:/ST/STM32CubeIDE_1.10.1/STM32CubeIDE/plugins/com.st.stm32cube.ide.mcu.externaltools.gnu-tools-for-stm32.12.3.rel1.win32_1.0.200.202406191623/tools/bin/../lib/gcc/arm-none-eabi/12.3.1/../../../../arm-none-eabi/lib/thumb/v7-m/nofp\libc_nano.a(libc_a-lock.o)