../Application/app.c:72:24:HTONS	16	static
../Application/app.c:76:13:send_can_message	24	static
../Application/app.c:112:13:tx_hdr_init	4	static
../Application/app.c:120:13:update_udan_14	16	static
../Application/app.c:130:13:update_udan_13	16	static
../Application/app.c:145:13:read_can_message	16	static
../Application/app.c:172:13:timer_check	8	static
../Application/app.c:193:6:HAL_TIM_PeriodElapsedCallback	16	static
../Application/app.c:219:6:HAL_CAN_TxMailbox0CompleteCallback	16	static
../Application/app.c:225:6:HAL_CAN_TxMailbox1CompleteCallback	16	static
../Application/app.c:231:6:HAL_CAN_TxMailbox2CompleteCallback	16	static
../Application/app.c:237:6:HAL_CAN_RxFifo0MsgPendingCallback	56	static
../Application/app.c:249:6:app_init	8	static
../Application/app.c:262:6:can_init	48	static
../Application/app.c:297:6:timer_init	8	static
../Application/app.c:311:6:app_handler	8	static
