../Application/app.c:72:24:HTONS	16	static
../Application/app.c:76:13:send_can_message	24	static
../Application/app.c:112:13:tx_hdr_init	4	static
../Application/app.c:120:13:update_udan_14	24	static
../Application/app.c:132:13:update_udan_13	24	static
../Application/app.c:149:13:read_can_message	16	static
../Application/app.c:176:13:timer_check	8	static
../Application/app.c:197:6:HAL_TIM_PeriodElapsedCallback	16	static
../Application/app.c:223:6:HAL_CAN_TxMailbox0CompleteCallback	16	static
../Application/app.c:229:6:HAL_CAN_TxMailbox1CompleteCallback	16	static
../Application/app.c:235:6:HAL_CAN_TxMailbox2CompleteCallback	16	static
../Application/app.c:241:6:HAL_CAN_RxFifo0MsgPendingCallback	56	static
../Application/app.c:253:6:app_init	8	static
../Application/app.c:266:6:can_init	88	static
../Application/app.c:315:6:timer_init	8	static
../Application/app.c:329:6:app_handler	8	static
