../Nextion_Wrapper/nextion_wrapper.c:31:6:HAL_UART_RxCpltCallback	16	static
../Nextion_Wrapper/nextion_wrapper.c:36:6:nextion_disp_init	24	static
../Nextion_Wrapper/nextion_wrapper.c:67:6:update_batt_volt_label	16	static
../Nextion_Wrapper/nextion_wrapper.c:71:6:update_batt_curr_label	16	static
../Nextion_Wrapper/nextion_wrapper.c:75:6:update_batt_soc_label	16	static
../Nextion_Wrapper/nextion_wrapper.c:79:6:update_comm_status_label	16	static
../Nextion_Wrapper/nextion_wrapper.c:84:6:update_max_cellv_label	16	static
../Nextion_Wrapper/nextion_wrapper.c:88:6:update_max_cellv_id_label	16	static
../Nextion_Wrapper/nextion_wrapper.c:92:6:update_min_cellv_label	16	static
../Nextion_Wrapper/nextion_wrapper.c:96:6:update_min_cellv_id_label	16	static
../Nextion_Wrapper/nextion_wrapper.c:101:6:update_max_cellt_label	16	static
../Nextion_Wrapper/nextion_wrapper.c:105:6:update_max_cellt_id_label	16	static
../Nextion_Wrapper/nextion_wrapper.c:109:6:update_min_cellt_label	16	static
../Nextion_Wrapper/nextion_wrapper.c:113:6:update_min_cellt_id_label	16	static
../Nextion_Wrapper/nextion_wrapper.c:119:6:reset_display	8	static
../Nextion_Wrapper/nextion_wrapper.c:133:6:reset_page1_display	8	static
../Nextion_Wrapper/nextion_wrapper.c:139:6:reset_page2_display	8	static
../Nextion_Wrapper/nextion_wrapper.c:147:6:reset_page3_display	8	static
